Archive member included to satisfy reference by file (symbol)

c:/st/stm32cubeide_1.0.2/stm32cubeide/plugins/com.st.stm32cube.ide.mcu.externaltools.gnu-tools-for-stm32.7-2018-q2-update.win32_1.0.0.201904181610/tools/bin/../lib/gcc/arm-none-eabi/7.3.1/../../../../arm-none-eabi/lib/thumb/v7e-m/fpv4-sp/hard\libc_nano.a(lib_a-errno.o)
                              Src/syscalls.o (__errno)
c:/st/stm32cubeide_1.0.2/stm32cubeide/plugins/com.st.stm32cube.ide.mcu.externaltools.gnu-tools-for-stm32.7-2018-q2-update.win32_1.0.0.201904181610/tools/bin/../lib/gcc/arm-none-eabi/7.3.1/../../../../arm-none-eabi/lib/thumb/v7e-m/fpv4-sp/hard\libc_nano.a(lib_a-exit.o)
                              c:/st/stm32cubeide_1.0.2/stm32cubeide/plugins/com.st.stm32cube.ide.mcu.externaltools.gnu-tools-for-stm32.7-2018-q2-update.win32_1.0.0.201904181610/tools/bin/../lib/gcc/arm-none-eabi/7.3.1/../../../../arm-none-eabi/lib/thumb/v7e-m/fpv4-sp/hard/crt0.o (exit)
c:/st/stm32cubeide_1.0.2/stm32cubeide/plugins/com.st.stm32cube.ide.mcu.externaltools.gnu-tools-for-stm32.7-2018-q2-update.win32_1.0.0.201904181610/tools/bin/../lib/gcc/arm-none-eabi/7.3.1/../../../../arm-none-eabi/lib/thumb/v7e-m/fpv4-sp/hard\libc_nano.a(lib_a-impure.o)
                              c:/st/stm32cubeide_1.0.2/stm32cubeide/plugins/com.st.stm32cube.ide.mcu.externaltools.gnu-tools-for-stm32.7-2018-q2-update.win32_1.0.0.201904181610/tools/bin/../lib/gcc/arm-none-eabi/7.3.1/../../../../arm-none-eabi/lib/thumb/v7e-m/fpv4-sp/hard\libc_nano.a(lib_a-exit.o) (_global_impure_ptr)
c:/st/stm32cubeide_1.0.2/stm32cubeide/plugins/com.st.stm32cube.ide.mcu.externaltools.gnu-tools-for-stm32.7-2018-q2-update.win32_1.0.0.201904181610/tools/bin/../lib/gcc/arm-none-eabi/7.3.1/../../../../arm-none-eabi/lib/thumb/v7e-m/fpv4-sp/hard\libc_nano.a(lib_a-init.o)
                              c:/st/stm32cubeide_1.0.2/stm32cubeide/plugins/com.st.stm32cube.ide.mcu.externaltools.gnu-tools-for-stm32.7-2018-q2-update.win32_1.0.0.201904181610/tools/bin/../lib/gcc/arm-none-eabi/7.3.1/../../../../arm-none-eabi/lib/thumb/v7e-m/fpv4-sp/hard/crt0.o (__libc_init_array)
c:/st/stm32cubeide_1.0.2/stm32cubeide/plugins/com.st.stm32cube.ide.mcu.externaltools.gnu-tools-for-stm32.7-2018-q2-update.win32_1.0.0.201904181610/tools/bin/../lib/gcc/arm-none-eabi/7.3.1/../../../../arm-none-eabi/lib/thumb/v7e-m/fpv4-sp/hard\libc_nano.a(lib_a-memcpy-stub.o)
                              Src/SEGGER_RTT.o (memcpy)
c:/st/stm32cubeide_1.0.2/stm32cubeide/plugins/com.st.stm32cube.ide.mcu.externaltools.gnu-tools-for-stm32.7-2018-q2-update.win32_1.0.0.201904181610/tools/bin/../lib/gcc/arm-none-eabi/7.3.1/../../../../arm-none-eabi/lib/thumb/v7e-m/fpv4-sp/hard\libc_nano.a(lib_a-memset.o)
                              c:/st/stm32cubeide_1.0.2/stm32cubeide/plugins/com.st.stm32cube.ide.mcu.externaltools.gnu-tools-for-stm32.7-2018-q2-update.win32_1.0.0.201904181610/tools/bin/../lib/gcc/arm-none-eabi/7.3.1/../../../../arm-none-eabi/lib/thumb/v7e-m/fpv4-sp/hard/crt0.o (memset)
c:/st/stm32cubeide_1.0.2/stm32cubeide/plugins/com.st.stm32cube.ide.mcu.externaltools.gnu-tools-for-stm32.7-2018-q2-update.win32_1.0.0.201904181610/tools/bin/../lib/gcc/arm-none-eabi/7.3.1/../../../../arm-none-eabi/lib/thumb/v7e-m/fpv4-sp/hard\libc_nano.a(lib_a-nano-vfprintf_float.o)
                              (_printf_float)
c:/st/stm32cubeide_1.0.2/stm32cubeide/plugins/com.st.stm32cube.ide.mcu.externaltools.gnu-tools-for-stm32.7-2018-q2-update.win32_1.0.0.201904181610/tools/bin/../lib/gcc/arm-none-eabi/7.3.1/../../../../arm-none-eabi/lib/thumb/v7e-m/fpv4-sp/hard\libc_nano.a(lib_a-nano-vfprintf_i.o)
                              c:/st/stm32cubeide_1.0.2/stm32cubeide/plugins/com.st.stm32cube.ide.mcu.externaltools.gnu-tools-for-stm32.7-2018-q2-update.win32_1.0.0.201904181610/tools/bin/../lib/gcc/arm-none-eabi/7.3.1/../../../../arm-none-eabi/lib/thumb/v7e-m/fpv4-sp/hard\libc_nano.a(lib_a-nano-vfprintf_float.o) (_printf_common)
c:/st/stm32cubeide_1.0.2/stm32cubeide/plugins/com.st.stm32cube.ide.mcu.externaltools.gnu-tools-for-stm32.7-2018-q2-update.win32_1.0.0.201904181610/tools/bin/../lib/gcc/arm-none-eabi/7.3.1/../../../../arm-none-eabi/lib/thumb/v7e-m/fpv4-sp/hard\libc_nano.a(lib_a-printf.o)
                              Src/main.o (printf)
c:/st/stm32cubeide_1.0.2/stm32cubeide/plugins/com.st.stm32cube.ide.mcu.externaltools.gnu-tools-for-stm32.7-2018-q2-update.win32_1.0.0.201904181610/tools/bin/../lib/gcc/arm-none-eabi/7.3.1/../../../../arm-none-eabi/lib/thumb/v7e-m/fpv4-sp/hard\libc_nano.a(lib_a-putchar.o)
                              Src/other.o (putchar)
c:/st/stm32cubeide_1.0.2/stm32cubeide/plugins/com.st.stm32cube.ide.mcu.externaltools.gnu-tools-for-stm32.7-2018-q2-update.win32_1.0.0.201904181610/tools/bin/../lib/gcc/arm-none-eabi/7.3.1/../../../../arm-none-eabi/lib/thumb/v7e-m/fpv4-sp/hard\libc_nano.a(lib_a-puts.o)
                              Src/other.o (puts)
[...]
Memory Configuration

Name             Origin             Length             Attributes
RAM              0x0000000020000000 0x0000000000050000 xrw
FLASH            0x0000000008000000 0x0000000000180000 xr
*default*        0x0000000000000000 0xffffffffffffffff

Linker script and memory map

LOAD c:/st/stm32cubeide_1.0.2/stm32cubeide/plugins/com.st.stm32cube.ide.mcu.externaltools.gnu-tools-for-stm32.7-2018-q2-update.win32_1.0.0.201904181610/tools/bin/../lib/gcc/arm-none-eabi/7.3.1/thumb/v7e-m/fpv4-sp/hard/crti.o
LOAD c:/st/stm32cubeide_1.0.2/stm32cubeide/plugins/com.st.stm32cube.ide.mcu.externaltools.gnu-tools-for-stm32.7-2018-q2-update.win32_1.0.0.201904181610/tools/bin/../lib/gcc/arm-none-eabi/7.3.1/thumb/v7e-m/fpv4-sp/hard/crtbegin.o
LOAD c:/st/stm32cubeide_1.0.2/stm32cubeide/plugins/com.st.stm32cube.ide.mcu.externaltools.gnu-tools-for-stm32.7-2018-q2-update.win32_1.0.0.201904181610/tools/bin/../lib/gcc/arm-none-eabi/7.3.1/../../../../arm-none-eabi/lib/thumb/v7e-m/fpv4-sp/hard/crt0.o
LOAD Drivers/STM32F4xx_HAL_Driver/Src/stm32f4xx_hal.o
LOAD Drivers/STM32F4xx_HAL_Driver/Src/stm32f4xx_hal_adc.o
LOAD Drivers/STM32F4xx_HAL_Driver/Src/stm32f4xx_hal_adc_ex.o
LOAD Drivers/STM32F4xx_HAL_Driver/Src/stm32f4xx_hal_cortex.o
LOAD Drivers/STM32F4xx_HAL_Driver/Src/stm32f4xx_hal_dma.o
LOAD Drivers/STM32F4xx_HAL_Driver/Src/stm32f4xx_hal_dma_ex.o
LOAD Drivers/STM32F4xx_HAL_Driver/Src/stm32f4xx_hal_exti.o
LOAD Drivers/STM32F4xx_HAL_Driver/Src/stm32f4xx_hal_flash.o
LOAD Drivers/STM32F4xx_HAL_Driver/Src/stm32f4xx_hal_flash_ex.o
LOAD Drivers/STM32F4xx_HAL_Driver/Src/stm32f4xx_hal_flash_ramfunc.o
LOAD Drivers/STM32F4xx_HAL_Driver/Src/stm32f4xx_hal_gpio.o
LOAD Drivers/STM32F4xx_HAL_Driver/Src/stm32f4xx_hal_pwr.o
LOAD Drivers/STM32F4xx_HAL_Driver/Src/stm32f4xx_hal_pwr_ex.o
LOAD Drivers/STM32F4xx_HAL_Driver/Src/stm32f4xx_hal_rcc.o
LOAD Drivers/STM32F4xx_HAL_Driver/Src/stm32f4xx_hal_rcc_ex.o
LOAD Drivers/STM32F4xx_HAL_Driver/Src/stm32f4xx_hal_spi.o
LOAD Drivers/STM32F4xx_HAL_Driver/Src/stm32f4xx_hal_tim.o
LOAD Drivers/STM32F4xx_HAL_Driver/Src/stm32f4xx_hal_tim_ex.o
LOAD Src/SEGGER_RTT.o
LOAD Src/SEGGER_RTT_printf.o
LOAD Src/adachi.o
LOAD Src/adc.o
LOAD Src/buzzer.o
LOAD Src/dma.o
LOAD Src/gpio.o
LOAD Src/interrupt.o
LOAD Src/main.o
LOAD Src/mode.o
LOAD Src/motion.o
LOAD Src/other.o
LOAD Src/ruc.o
LOAD Src/spi.o
LOAD Src/stm32f4xx_hal_msp.o
LOAD Src/stm32f4xx_it.o
LOAD Src/syscalls.o
LOAD Src/sysmem.o
LOAD Src/system_stm32f4xx.o
LOAD Src/tim.o
LOAD Src/variable.o
LOAD Src/walldata.o
LOAD Startup/startup_stm32f413chux.o
START GROUP
LOAD c:/st/stm32cubeide_1.0.2/stm32cubeide/plugins/com.st.stm32cube.ide.mcu.externaltools.gnu-tools-for-stm32.7-2018-q2-update.win32_1.0.0.201904181610/tools/bin/../lib/gcc/arm-none-eabi/7.3.1/../../../../arm-none-eabi/lib/thumb/v7e-m/fpv4-sp/hard\libc_nano.a
LOAD c:/st/stm32cubeide_1.0.2/stm32cubeide/plugins/com.st.stm32cube.ide.mcu.externaltools.gnu-tools-for-stm32.7-2018-q2-update.win32_1.0.0.201904181610/tools/bin/../lib/gcc/arm-none-eabi/7.3.1/../../../../arm-none-eabi/lib/thumb/v7e-m/fpv4-sp/hard\libm.a
END GROUP
START GROUP
LOAD c:/st/stm32cubeide_1.0.2/stm32cubeide/plugins/com.st.stm32cube.ide.mcu.externaltools.gnu-tools-for-stm32.7-2018-q2-update.win32_1.0.0.201904181610/tools/bin/../lib/gcc/arm-none-eabi/7.3.1/thumb/v7e-m/fpv4-sp/hard\libgcc.a
LOAD c:/st/stm32cubeide_1.0.2/stm32cubeide/plugins/com.st.stm32cube.ide.mcu.externaltools.gnu-tools-for-stm32.7-2018-q2-update.win32_1.0.0.201904181610/tools/bin/../lib/gcc/arm-none-eabi/7.3.1/../../../../arm-none-eabi/lib/thumb/v7e-m/fpv4-sp/hard\libc_nano.a
END GROUP
START GROUP
LOAD c:/st/stm32cubeide_1.0.2/stm32cubeide/plugins/com.st.stm32cube.ide.mcu.externaltools.gnu-tools-for-stm32.7-2018-q2-update.win32_1.0.0.201904181610/tools/bin/../lib/gcc/arm-none-eabi/7.3.1/thumb/v7e-m/fpv4-sp/hard\libgcc.a
LOAD c:/st/stm32cubeide_1.0.2/stm32cubeide/plugins/com.st.stm32cube.ide.mcu.externaltools.gnu-tools-for-stm32.7-2018-q2-update.win32_1.0.0.201904181610/tools/bin/../lib/gcc/arm-none-eabi/7.3.1/../../../../arm-none-eabi/lib/thumb/v7e-m/fpv4-sp/hard\libc_nano.a
LOAD c:/st/stm32cubeide_1.0.2/stm32cubeide/plugins/com.st.stm32cube.ide.mcu.externaltools.gnu-tools-for-stm32.7-2018-q2-update.win32_1.0.0.201904181610/tools/bin/../lib/gcc/arm-none-eabi/7.3.1/../../../../arm-none-eabi/lib/thumb/v7e-m/fpv4-sp/hard\libnosys.a
END GROUP
START GROUP
LOAD c:/st/stm32cubeide_1.0.2/stm32cubeide/plugins/com.st.stm32cube.ide.mcu.externaltools.gnu-tools-for-stm32.7-2018-q2-update.win32_1.0.0.201904181610/tools/bin/../lib/gcc/arm-none-eabi/7.3.1/thumb/v7e-m/fpv4-sp/hard\libgcc.a
LOAD c:/st/stm32cubeide_1.0.2/stm32cubeide/plugins/com.st.stm32cube.ide.mcu.externaltools.gnu-tools-for-stm32.7-2018-q2-update.win32_1.0.0.201904181610/tools/bin/../lib/gcc/arm-none-eabi/7.3.1/../../../../arm-none-eabi/lib/thumb/v7e-m/fpv4-sp/hard\libc_nano.a
LOAD c:/st/stm32cubeide_1.0.2/stm32cubeide/plugins/com.st.stm32cube.ide.mcu.externaltools.gnu-tools-for-stm32.7-2018-q2-update.win32_1.0.0.201904181610/tools/bin/../lib/gcc/arm-none-eabi/7.3.1/../../../../arm-none-eabi/lib/thumb/v7e-m/fpv4-sp/hard\libnosys.a
END GROUP
LOAD c:/st/stm32cubeide_1.0.2/stm32cubeide/plugins/com.st.stm32cube.ide.mcu.externaltools.gnu-tools-for-stm32.7-2018-q2-update.win32_1.0.0.201904181610/tools/bin/../lib/gcc/arm-none-eabi/7.3.1/thumb/v7e-m/fpv4-sp/hard/crtend.o
LOAD c:/st/stm32cubeide_1.0.2/stm32cubeide/plugins/com.st.stm32cube.ide.mcu.externaltools.gnu-tools-for-stm32.7-2018-q2-update.win32_1.0.0.201904181610/tools/bin/../lib/gcc/arm-none-eabi/7.3.1/thumb/v7e-m/fpv4-sp/hard/crtn.o
                0x0000000020050000                _estack = 0x20050000
                0x0000000000000200                _Min_Heap_Size = 0x200
                0x0000000000000400                _Min_Stack_Size = 0x400

.isr_vector     0x0000000008000000      0x1d8
                0x0000000008000000                . = ALIGN (0x4)
 *(.isr_vector)
 .isr_vector    0x0000000008000000      0x1d8 Startup/startup_stm32f413chux.o
                0x0000000008000000                g_pfnVectors
                0x00000000080001d8                . = ALIGN (0x4)

.text           0x00000000080001e0     0xd74c
                0x00000000080001e0                . = ALIGN (0x4)
 *(.text)
 .text          0x00000000080001e0       0x40 c:/st/stm32cubeide_1.0.2/stm32cubeide/plugins/com.st.stm32cube.ide.mcu.externaltools.gnu-tools-for-stm32.7-2018-q2-update.win32_1.0.0.201904181610/tools/bin/../lib/gcc/arm-none-eabi/7.3.1/thumb/v7e-m/fpv4-sp/hard/crtbegin.o
 .text          0x0000000008000220       0x10 c:/st/stm32cubeide_1.0.2/stm32cubeide/plugins/com.st.stm32cube.ide.mcu.externaltools.gnu-tools-for-stm32.7-2018-q2-update.win32_1.0.0.201904181610/tools/bin/../lib/gcc/arm-none-eabi/7.3.1/../../../../arm-none-eabi/lib/thumb/v7e-m/fpv4-sp/hard\libc_nano.a(lib_a-strlen.o)
                0x0000000008000220                strlen
 .text          0x0000000008000230       0xa0 c:/st/stm32cubeide_1.0.2/stm32cubeide/plugins/com.st.stm32cube.ide.mcu.externaltools.gnu-tools-for-stm32.7-2018-q2-update.win32_1.0.0.201904181610/tools/bin/../lib/gcc/arm-none-eabi/7.3.1/../../../../arm-none-eabi/lib/thumb/v7e-m/fpv4-sp/hard\libc_nano.a(lib_a-memchr.o)
                0x0000000008000230                memchr
 .text          0x00000000080002d0      0x378 c:/st/stm32cubeide_1.0.2/stm32cubeide/plugins/com.st.stm32cube.ide.mcu.externaltools.gnu-tools-for-stm32.7-2018-q2-update.win32_1.0.0.201904181610/tools/bin/../lib/gcc/arm-none-eabi/7.3.1/thumb/v7e-m/fpv4-sp/hard\libgcc.a(_arm_addsubdf3.o)
                0x00000000080002d0                __aeabi_drsub
                0x00000000080002d8                __aeabi_dsub
                0x00000000080002d8                __subdf3
                0x00000000080002dc                __aeabi_dadd
                0x00000000080002dc                __adddf3
                0x0000000008000554                __floatunsidf
                0x0000000008000554                __aeabi_ui2d
                0x0000000008000574                __floatsidf
                0x0000000008000574                __aeabi_i2d
                0x0000000008000598                __aeabi_f2d
                0x0000000008000598                __extendsfdf2
                0x00000000080005dc                __floatundidf
                0x00000000080005dc                __aeabi_ul2d
                0x00000000080005ec                __floatdidf
                0x00000000080005ec                __aeabi_l2d
 .text          0x0000000008000648      0x424 c:/st/stm32cubeide_1.0.2/stm32cubeide/plugins/com.st.stm32cube.ide.mcu.externaltools.gnu-tools-for-stm32.7-2018-q2-update.win32_1.0.0.201904181610/tools/bin/../lib/gcc/arm-none-eabi/7.3.1/thumb/v7e-m/fpv4-sp/hard\libgcc.a(_arm_muldivdf3.o)
                0x0000000008000648                __aeabi_dmul
                0x0000000008000648                __muldf3
                0x000000000800089c                __divdf3
                0x000000000800089c                __aeabi_ddiv
 .text          0x0000000008000a6c      0x110 c:/st/stm32cubeide_1.0.2/stm32cubeide/plugins/com.st.stm32cube.ide.mcu.externaltools.gnu-tools-for-stm32.7-2018-q2-update.win32_1.0.0.201904181610/tools/bin/../lib/gcc/arm-none-eabi/7.3.1/thumb/v7e-m/fpv4-sp/hard\libgcc.a(_arm_cmpdf2.o)
                0x0000000008000a6c                __gtdf2
                0x0000000008000a6c                __gedf2
                0x0000000008000a74                __ltdf2
                0x0000000008000a74                __ledf2
                0x0000000008000a7c                __nedf2
                0x0000000008000a7c                __eqdf2
                0x0000000008000a7c                __cmpdf2
                0x0000000008000af8                __aeabi_cdrcmple
                0x0000000008000b08                __aeabi_cdcmpeq
                0x0000000008000b08                __aeabi_cdcmple
                0x0000000008000b18                __aeabi_dcmpeq
                0x0000000008000b2c                __aeabi_dcmplt
                0x0000000008000b40                __aeabi_dcmple
                0x0000000008000b54                __aeabi_dcmpge
                0x0000000008000b68                __aeabi_dcmpgt
 .text          0x0000000008000b7c       0x2c c:/st/stm32cubeide_1.0.2/stm32cubeide/plugins/com.st.stm32cube.ide.mcu.externaltools.gnu-tools-for-stm32.7-2018-q2-update.win32_1.0.0.201904181610/tools/bin/../lib/gcc/arm-none-eabi/7.3.1/thumb/v7e-m/fpv4-sp/hard\libgcc.a(_arm_unorddf2.o)
                0x0000000008000b7c                __unorddf2
                0x0000000008000b7c                __aeabi_dcmpun
 .text          0x0000000008000ba8       0x50 c:/st/stm32cubeide_1.0.2/stm32cubeide/plugins/com.st.stm32cube.ide.mcu.externaltools.gnu-tools-for-stm32.7-2018-q2-update.win32_1.0.0.201904181610/tools/bin/../lib/gcc/arm-none-eabi/7.3.1/thumb/v7e-m/fpv4-sp/hard\libgcc.a(_arm_fixdfsi.o)
                0x0000000008000ba8                __aeabi_d2iz
                0x0000000008000ba8                __fixdfsi
 .text          0x0000000008000bf8       0xa0 c:/st/stm32cubeide_1.0.2/stm32cubeide/plugins/com.st.stm32cube.ide.mcu.externaltools.gnu-tools-for-stm32.7-2018-q2-update.win32_1.0.0.201904181610/tools/bin/../lib/gcc/arm-none-eabi/7.3.1/thumb/v7e-m/fpv4-sp/hard\libgcc.a(_arm_truncdfsf2.o)
                0x0000000008000bf8                __truncdfsf2
                0x0000000008000bf8                __aeabi_d2f
 .text          0x0000000008000c98       0x30 c:/st/stm32cubeide_1.0.2/stm32cubeide/plugins/com.st.stm32cube.ide.mcu.externaltools.gnu-tools-for-stm32.7-2018-q2-update.win32_1.0.0.201904181610/tools/bin/../lib/gcc/arm-none-eabi/7.3.1/thumb/v7e-m/fpv4-sp/hard\libgcc.a(_aeabi_uldivmod.o)
                0x0000000008000c98                __aeabi_uldivmod
 .text          0x0000000008000cc8      0x2cc c:/st/stm32cubeide_1.0.2/stm32cubeide/plugins/com.st.stm32cube.ide.mcu.externaltools.gnu-tools-for-stm32.7-2018-q2-update.win32_1.0.0.201904181610/tools/bin/../lib/gcc/arm-none-eabi/7.3.1/thumb/v7e-m/fpv4-sp/hard\libgcc.a(_udivmoddi4.o)
                0x0000000008000cc8                __udivmoddi4
 .text          0x0000000008000f94        0x4 c:/st/stm32cubeide_1.0.2/stm32cubeide/plugins/com.st.stm32cube.ide.mcu.externaltools.gnu-tools-for-stm32.7-2018-q2-update.win32_1.0.0.201904181610/tools/bin/../lib/gcc/arm-none-eabi/7.3.1/thumb/v7e-m/fpv4-sp/hard\libgcc.a(_dvmd_tls.o)
                0x0000000008000f94                __aeabi_idiv0
                0x0000000008000f94                __aeabi_ldiv0
 *(.text*)
 .text.HAL_Init
                0x0000000008000f98       0x44 Drivers/STM32F4xx_HAL_Driver/Src/stm32f4xx_hal.o
                0x0000000008000f98                HAL_Init
 .text.HAL_InitTick
                0x0000000008000fdc       0x60 Drivers/STM32F4xx_HAL_Driver/Src/stm32f4xx_hal.o
                0x0000000008000fdc                HAL_InitTick
 .text.HAL_IncTick
                0x000000000800103c       0x28 Drivers/STM32F4xx_HAL_Driver/Src/stm32f4xx_hal.o
                0x000000000800103c                HAL_IncTick
 .text.HAL_GetTick
                0x0000000008001064       0x18 Drivers/STM32F4xx_HAL_Driver/Src/stm32f4xx_hal.o
                0x0000000008001064                HAL_GetTick
 .text.HAL_Delay
                0x000000000800107c       0x44 Drivers/STM32F4xx_HAL_Driver/Src/stm32f4xx_hal.o
                0x000000000800107c                HAL_Delay
 .text.HAL_ADC_Init
                0x00000000080010c0       0x86 Drivers/STM32F4xx_HAL_Driver/Src/stm32f4xx_hal_adc.o
                0x00000000080010c0                HAL_ADC_Init
 *fill*         0x0000000008001146        0x2 
 .text.HAL_ADC_Start_DMA
                0x0000000008001148      0x1a8 Drivers/STM32F4xx_HAL_Driver/Src/stm32f4xx_hal_adc.o
                0x0000000008001148                HAL_ADC_Start_DMA
 .text.HAL_ADC_ConvHalfCpltCallback
                0x00000000080012f0       0x14 Drivers/STM32F4xx_HAL_Driver/Src/stm32f4xx_hal_adc.o
                0x00000000080012f0                HAL_ADC_ConvHalfCpltCallback
 .text.HAL_ADC_ErrorCallback
                0x0000000008001304       0x14 Drivers/STM32F4xx_HAL_Driver/Src/stm32f4xx_hal_adc.o
                0x0000000008001304                HAL_ADC_ErrorCallback
 .text.HAL_ADC_ConfigChannel
                0x0000000008001318      0x264 Drivers/STM32F4xx_HAL_Driver/Src/stm32f4xx_hal_adc.o
                0x0000000008001318                HAL_ADC_ConfigChannel
 .text.ADC_Init
                0x000000000800157c      0x1f8 Drivers/STM32F4xx_HAL_Driver/Src/stm32f4xx_hal_adc.o
 .text.ADC_DMAConvCplt
                0x0000000008001774       0xba Drivers/STM32F4xx_HAL_Driver/Src/stm32f4xx_hal_adc.o
 .text.ADC_DMAHalfConvCplt
                0x000000000800182e       0x1c Drivers/STM32F4xx_HAL_Driver/Src/stm32f4xx_hal_adc.o
 .text.ADC_DMAError
                0x000000000800184a       0x2e Drivers/STM32F4xx_HAL_Driver/Src/stm32f4xx_hal_adc.o
 .text.__NVIC_SetPriorityGrouping
                0x0000000008001878       0x48 Drivers/STM32F4xx_HAL_Driver/Src/stm32f4xx_hal_cortex.o
 .text.__NVIC_GetPriorityGrouping
                0x00000000080018c0       0x1c Drivers/STM32F4xx_HAL_Driver/Src/stm32f4xx_hal_cortex.o
 .text.__NVIC_EnableIRQ
                0x00000000080018dc       0x3c Drivers/STM32F4xx_HAL_Driver/Src/stm32f4xx_hal_cortex.o
 .text.__NVIC_SetPriority
                0x0000000008001918       0x54 Drivers/STM32F4xx_HAL_Driver/Src/stm32f4xx_hal_cortex.o
 .text.NVIC_EncodePriority
                0x000000000800196c       0x66 Drivers/STM32F4xx_HAL_Driver/Src/stm32f4xx_hal_cortex.o
 *fill*         0x00000000080019d2        0x2 
 .text.SysTick_Config
                0x00000000080019d4       0x44 Drivers/STM32F4xx_HAL_Driver/Src/stm32f4xx_hal_cortex.o
 .text.HAL_NVIC_SetPriorityGrouping
                0x0000000008001a18       0x16 Drivers/STM32F4xx_HAL_Driver/Src/stm32f4xx_hal_cortex.o
                0x0000000008001a18                HAL_NVIC_SetPriorityGrouping
 .text.HAL_NVIC_SetPriority
                0x0000000008001a2e       0x38 Drivers/STM32F4xx_HAL_Driver/Src/stm32f4xx_hal_cortex.o
                0x0000000008001a2e                HAL_NVIC_SetPriority
 .text.HAL_NVIC_EnableIRQ
                0x0000000008001a66       0x1c Drivers/STM32F4xx_HAL_Driver/Src/stm32f4xx_hal_cortex.o
                0x0000000008001a66                HAL_NVIC_EnableIRQ
 .text.HAL_SYSTICK_Config
                0x0000000008001a82       0x18 Drivers/STM32F4xx_HAL_Driver/Src/stm32f4xx_hal_cortex.o
                0x0000000008001a82                HAL_SYSTICK_Config
 *fill*         0x0000000008001a9a        0x2 
 .text.HAL_DMA_Init
                0x0000000008001a9c      0x15c Drivers/STM32F4xx_HAL_Driver/Src/stm32f4xx_hal_dma.o
                0x0000000008001a9c                HAL_DMA_Init
 .text.HAL_DMA_Start_IT
                0x0000000008001bf8       0xc0 Drivers/STM32F4xx_HAL_Driver/Src/stm32f4xx_hal_dma.o
                0x0000000008001bf8                HAL_DMA_Start_IT
 .text.HAL_DMA_IRQHandler
                0x0000000008001cb8      0x314 Drivers/STM32F4xx_HAL_Driver/Src/stm32f4xx_hal_dma.o
                0x0000000008001cb8                HAL_DMA_IRQHandler
 .text.DMA_SetConfig
                0x0000000008001fcc       0x5c Drivers/STM32F4xx_HAL_Driver/Src/stm32f4xx_hal_dma.o
 .text.DMA_CalcBaseAndBitshift
                0x0000000008002028       0x6c Drivers/STM32F4xx_HAL_Driver/Src/stm32f4xx_hal_dma.o
 .text.DMA_CheckFifoParam
                0x0000000008002094       0xf4 Drivers/STM32F4xx_HAL_Driver/Src/stm32f4xx_hal_dma.o
 .text.HAL_FLASH_Program
                0x0000000008002188       0xa8 Drivers/STM32F4xx_HAL_Driver/Src/stm32f4xx_hal_flash.o
                0x0000000008002188                HAL_FLASH_Program
 .text.HAL_FLASH_Unlock
                0x0000000008002230       0x44 Drivers/STM32F4xx_HAL_Driver/Src/stm32f4xx_hal_flash.o
                0x0000000008002230                HAL_FLASH_Unlock
 .text.HAL_FLASH_Lock
                0x0000000008002274       0x20 Drivers/STM32F4xx_HAL_Driver/Src/stm32f4xx_hal_flash.o
                0x0000000008002274                HAL_FLASH_Lock
 .text.FLASH_WaitForLastOperation
                0x0000000008002294       0x80 Drivers/STM32F4xx_HAL_Driver/Src/stm32f4xx_hal_flash.o
                0x0000000008002294                FLASH_WaitForLastOperation
 .text.FLASH_Program_DoubleWord
                0x0000000008002314       0x5c Drivers/STM32F4xx_HAL_Driver/Src/stm32f4xx_hal_flash.o
 .text.FLASH_Program_Word
                0x0000000008002370       0x44 Drivers/STM32F4xx_HAL_Driver/Src/stm32f4xx_hal_flash.o
 .text.FLASH_Program_HalfWord
                0x00000000080023b4       0x48 Drivers/STM32F4xx_HAL_Driver/Src/stm32f4xx_hal_flash.o
 .text.FLASH_Program_Byte
                0x00000000080023fc       0x44 Drivers/STM32F4xx_HAL_Driver/Src/stm32f4xx_hal_flash.o
 .text.FLASH_SetErrorCode
                0x0000000008002440       0xcc Drivers/STM32F4xx_HAL_Driver/Src/stm32f4xx_hal_flash.o
 .text.HAL_FLASHEx_Erase
                0x000000000800250c       0xe0 Drivers/STM32F4xx_HAL_Driver/Src/stm32f4xx_hal_flash_ex.o
                0x000000000800250c                HAL_FLASHEx_Erase
 .text.FLASH_MassErase
                0x00000000080025ec       0x48 Drivers/STM32F4xx_HAL_Driver/Src/stm32f4xx_hal_flash_ex.o
 .text.FLASH_Erase_Sector
                0x0000000008002634       0x90 Drivers/STM32F4xx_HAL_Driver/Src/stm32f4xx_hal_flash_ex.o
                0x0000000008002634                FLASH_Erase_Sector
 .text.FLASH_FlushCaches
                0x00000000080026c4       0x8c Drivers/STM32F4xx_HAL_Driver/Src/stm32f4xx_hal_flash_ex.o
                0x00000000080026c4                FLASH_FlushCaches
 .text.HAL_GPIO_Init
                0x0000000008002750      0x324 Drivers/STM32F4xx_HAL_Driver/Src/stm32f4xx_hal_gpio.o
                0x0000000008002750                HAL_GPIO_Init
 .text.HAL_GPIO_ReadPin
                0x0000000008002a74       0x30 Drivers/STM32F4xx_HAL_Driver/Src/stm32f4xx_hal_gpio.o
                0x0000000008002a74                HAL_GPIO_ReadPin
 .text.HAL_GPIO_WritePin
                0x0000000008002aa4       0x32 Drivers/STM32F4xx_HAL_Driver/Src/stm32f4xx_hal_gpio.o
                0x0000000008002aa4                HAL_GPIO_WritePin
 .text.HAL_GPIO_TogglePin
                0x0000000008002ad6       0x36 Drivers/STM32F4xx_HAL_Driver/Src/stm32f4xx_hal_gpio.o
                0x0000000008002ad6                HAL_GPIO_TogglePin
 .text.HAL_RCC_ClockConfig
                0x0000000008002b0c      0x1c4 Drivers/STM32F4xx_HAL_Driver/Src/stm32f4xx_hal_rcc.o
                0x0000000008002b0c                HAL_RCC_ClockConfig
 .text.HAL_RCC_GetSysClockFreq
                0x0000000008002cd0      0x1ac Drivers/STM32F4xx_HAL_Driver/Src/stm32f4xx_hal_rcc.o
                0x0000000008002cd0                HAL_RCC_GetSysClockFreq
 .text.HAL_RCC_OscConfig
                0x0000000008002e7c      0x484 Drivers/STM32F4xx_HAL_Driver/Src/stm32f4xx_hal_rcc_ex.o
                0x0000000008002e7c                HAL_RCC_OscConfig
 .text.HAL_SPI_Init
                0x0000000008003300       0xc8 Drivers/STM32F4xx_HAL_Driver/Src/stm32f4xx_hal_spi.o
                0x0000000008003300                HAL_SPI_Init
 .text.HAL_SPI_TransmitReceive
                0x00000000080033c8      0x344 Drivers/STM32F4xx_HAL_Driver/Src/stm32f4xx_hal_spi.o
                0x00000000080033c8                HAL_SPI_TransmitReceive
 .text.SPI_WaitFlagStateUntilTimeout
                0x000000000800370c       0xd4 Drivers/STM32F4xx_HAL_Driver/Src/stm32f4xx_hal_spi.o
 .text.SPI_EndRxTxTransaction
                0x00000000080037e0       0x84 Drivers/STM32F4xx_HAL_Driver/Src/stm32f4xx_hal_spi.o
 .text.HAL_TIM_Base_Init
                0x0000000008003864       0x56 Drivers/STM32F4xx_HAL_Driver/Src/stm32f4xx_hal_tim.o
                0x0000000008003864                HAL_TIM_Base_Init
 .text.HAL_TIM_Base_Start_IT
                0x00000000080038ba       0x48 Drivers/STM32F4xx_HAL_Driver/Src/stm32f4xx_hal_tim.o
                0x00000000080038ba                HAL_TIM_Base_Start_IT
 .text.HAL_TIM_PWM_Init
                0x0000000008003902       0x56 Drivers/STM32F4xx_HAL_Driver/Src/stm32f4xx_hal_tim.o
                0x0000000008003902                HAL_TIM_PWM_Init
 .text.HAL_TIM_PWM_Start
                0x0000000008003958       0x7c Drivers/STM32F4xx_HAL_Driver/Src/stm32f4xx_hal_tim.o
                0x0000000008003958                HAL_TIM_PWM_Start
 .text.HAL_TIM_PWM_Stop
                0x00000000080039d4       0xb0 Drivers/STM32F4xx_HAL_Driver/Src/stm32f4xx_hal_tim.o
                0x00000000080039d4                HAL_TIM_PWM_Stop
 .text.HAL_TIM_IRQHandler
                0x0000000008003a84      0x210 Drivers/STM32F4xx_HAL_Driver/Src/stm32f4xx_hal_tim.o
                0x0000000008003a84                HAL_TIM_IRQHandler
 .text.HAL_TIM_PWM_ConfigChannel
                0x0000000008003c94      0x18c Drivers/STM32F4xx_HAL_Driver/Src/stm32f4xx_hal_tim.o
                0x0000000008003c94                HAL_TIM_PWM_ConfigChannel
 .text.HAL_TIM_PeriodElapsedCallback
                0x0000000008003e20       0x14 Drivers/STM32F4xx_HAL_Driver/Src/stm32f4xx_hal_tim.o
                0x0000000008003e20                HAL_TIM_PeriodElapsedCallback
 .text.HAL_TIM_OC_DelayElapsedCallback
                0x0000000008003e34       0x14 Drivers/STM32F4xx_HAL_Driver/Src/stm32f4xx_hal_tim.o
                0x0000000008003e34                HAL_TIM_OC_DelayElapsedCallback
 .text.HAL_TIM_IC_CaptureCallback
                0x0000000008003e48       0x14 Drivers/STM32F4xx_HAL_Driver/Src/stm32f4xx_hal_tim.o
                0x0000000008003e48                HAL_TIM_IC_CaptureCallback
 .text.HAL_TIM_PWM_PulseFinishedCallback
                0x0000000008003e5c       0x14 Drivers/STM32F4xx_HAL_Driver/Src/stm32f4xx_hal_tim.o
                0x0000000008003e5c                HAL_TIM_PWM_PulseFinishedCallback
 .text.HAL_TIM_TriggerCallback
                0x0000000008003e70       0x14 Drivers/STM32F4xx_HAL_Driver/Src/stm32f4xx_hal_tim.o
                0x0000000008003e70                HAL_TIM_TriggerCallback
 .text.TIM_Base_SetConfig
                0x0000000008003e84      0x140 Drivers/STM32F4xx_HAL_Driver/Src/stm32f4xx_hal_tim.o
                0x0000000008003e84                TIM_Base_SetConfig
 .text.TIM_OC1_SetConfig
                0x0000000008003fc4       0xe0 Drivers/STM32F4xx_HAL_Driver/Src/stm32f4xx_hal_tim.o
 .text.TIM_OC2_SetConfig
                0x00000000080040a4       0xec Drivers/STM32F4xx_HAL_Driver/Src/stm32f4xx_hal_tim.o
                0x00000000080040a4                TIM_OC2_SetConfig
 .text.TIM_OC3_SetConfig
                0x0000000008004190       0xe8 Drivers/STM32F4xx_HAL_Driver/Src/stm32f4xx_hal_tim.o
 .text.TIM_OC4_SetConfig
                0x0000000008004278       0xac Drivers/STM32F4xx_HAL_Driver/Src/stm32f4xx_hal_tim.o
 .text.TIM_CCxChannelCmd
                0x0000000008004324       0x4a Drivers/STM32F4xx_HAL_Driver/Src/stm32f4xx_hal_tim.o
                0x0000000008004324                TIM_CCxChannelCmd
 .text.HAL_TIMEx_MasterConfigSynchronization
                0x000000000800436e       0x8a Drivers/STM32F4xx_HAL_Driver/Src/stm32f4xx_hal_tim_ex.o
                0x000000000800436e                HAL_TIMEx_MasterConfigSynchronization
 .text.HAL_TIMEx_CommutCallback
                0x00000000080043f8       0x14 Drivers/STM32F4xx_HAL_Driver/Src/stm32f4xx_hal_tim_ex.o
                0x00000000080043f8                HAL_TIMEx_CommutCallback
 .text.HAL_TIMEx_BreakCallback
                0x000000000800440c       0x14 Drivers/STM32F4xx_HAL_Driver/Src/stm32f4xx_hal_tim_ex.o
                0x000000000800440c                HAL_TIMEx_BreakCallback
 .text._DoInit  0x0000000008004420       0xa4 Src/SEGGER_RTT.o
 .text._WriteBlocking
                0x00000000080044c4       0xb4 Src/SEGGER_RTT.o
 .text._WriteNoCheck
                0x0000000008004578       0x80 Src/SEGGER_RTT.o
 .text._GetAvailWriteSpace
                0x00000000080045f8       0x46 Src/SEGGER_RTT.o
 *fill*         0x000000000800463e        0x2 
 .text.SEGGER_RTT_WriteNoLock
                0x0000000008004640       0x9c Src/SEGGER_RTT.o
                0x0000000008004640                SEGGER_RTT_WriteNoLock
 .text.SEGGER_RTT_Write
                0x00000000080046dc       0x48 Src/SEGGER_RTT.o
                0x00000000080046dc                SEGGER_RTT_Write
 .text.SEGGER_RTT_ConfigUpBuffer
                0x0000000008004724       0xd4 Src/SEGGER_RTT.o
                0x0000000008004724                SEGGER_RTT_ConfigUpBuffer
 .text.SEGGER_RTT_Init
                0x00000000080047f8        0xc Src/SEGGER_RTT.o
                0x00000000080047f8                SEGGER_RTT_Init
 .text.queue_pop
                0x0000000008004804       0x64 Src/adachi.o
                0x0000000008004804                queue_pop
 .text.queue_push
                0x0000000008004868       0x5e Src/adachi.o
                0x0000000008004868                queue_push
 *fill*         0x00000000080048c6        0x2 
 .text.adachi_map
                0x00000000080048c8      0x8c8 Src/adachi.o
                0x00000000080048c8                adachi_map
 .text.adachi_map_straight
                0x0000000008005190      0x684 Src/adachi.o
                0x0000000008005190                adachi_map_straight
 .text.adachi_search_run
                0x0000000008005814      0x4dc Src/adachi.o
                0x0000000008005814                adachi_search_run
 .text.how_to_move
                0x0000000008005cf0      0x2cc Src/adachi.o
                0x0000000008005cf0                how_to_move
 .text.MX_ADC1_Init
                0x0000000008005fbc      0x17c Src/adc.o
                0x0000000008005fbc                MX_ADC1_Init
 .text.HAL_ADC_MspInit
                0x0000000008006138      0x124 Src/adc.o
                0x0000000008006138                HAL_ADC_MspInit
 .text.HAL_ADC_ConvCpltCallback
                0x000000000800625c       0x14 Src/adc.o
                0x000000000800625c                HAL_ADC_ConvCpltCallback
 .text.calculation_counter
                0x0000000008006270       0x38 Src/buzzer.o
                0x0000000008006270                calculation_counter
 .text.set_buzzer
                0x00000000080062a8       0x60 Src/buzzer.o
                0x00000000080062a8                set_buzzer
 .text.set_buzzer_mode
                0x0000000008006308       0xd0 Src/buzzer.o
                0x0000000008006308                set_buzzer_mode
 .text.MX_DMA_Init
                0x00000000080063d8       0x40 Src/dma.o
                0x00000000080063d8                MX_DMA_Init
 .text.MX_GPIO_Init
                0x0000000008006418      0x14c Src/gpio.o
                0x0000000008006418                MX_GPIO_Init
 .text.interrupt_1ms
                0x0000000008006564      0x2ac Src/interrupt.o
                0x0000000008006564                interrupt_1ms
 .text.buzzer_1ms
                0x0000000008006810       0xe8 Src/interrupt.o
                0x0000000008006810                buzzer_1ms
 .text.adc_1ms  0x00000000080068f8      0x368 Src/interrupt.o
                0x00000000080068f8                adc_1ms
 .text.failsafe
                0x0000000008006c60       0xb4 Src/interrupt.o
                0x0000000008006c60                failsafe
 .text.main     0x0000000008006d14      0x348 Src/main.o
                0x0000000008006d14                main
 .text.SystemClock_Config
                0x000000000800705c       0xd4 Src/main.o
                0x000000000800705c                SystemClock_Config
 .text.Error_Handler
                0x0000000008007130        0xe Src/main.o
                0x0000000008007130                Error_Handler
 .text.mode_0   0x000000000800713e       0x10 Src/mode.o
                0x000000000800713e                mode_0
 *fill*         0x000000000800714e        0x2 
 .text.mode_1   0x0000000008007150       0x4c Src/mode.o
                0x0000000008007150                mode_1
 .text.mode_2   0x000000000800719c       0x3c Src/mode.o
                0x000000000800719c                mode_2
 .text.mode_3   0x00000000080071d8       0x7c Src/mode.o
                0x00000000080071d8                mode_3
 .text.mode_4   0x0000000008007254       0x74 Src/mode.o
                0x0000000008007254                mode_4
 .text.mode_5   0x00000000080072c8       0x74 Src/mode.o
                0x00000000080072c8                mode_5
 .text.mode_6   0x000000000800733c       0x38 Src/mode.o
                0x000000000800733c                mode_6
 .text.mode_7   0x0000000008007374        0xc Src/mode.o
                0x0000000008007374                mode_7
 .text.go_mode  0x0000000008007380      0x3d8 Src/mode.o
                0x0000000008007380                go_mode
 .text.go_entrance
                0x0000000008007758       0x44 Src/motion.o
                0x0000000008007758                go_entrance
 .text.turn_left
                0x000000000800779c       0x90 Src/motion.o
                0x000000000800779c                turn_left
 .text.turn_right
                0x000000000800782c       0x90 Src/motion.o
                0x000000000800782c                turn_right
 .text.pass_180
                0x00000000080078bc       0x38 Src/motion.o
                0x00000000080078bc                pass_180
 .text.turn_180
                0x00000000080078f4      0x274 Src/motion.o
                0x00000000080078f4                turn_180
 .text.ketuate  0x0000000008007b68      0x150 Src/motion.o
                0x0000000008007b68                ketuate
 .text.back_100
                0x0000000008007cb8       0x40 Src/motion.o
                0x0000000008007cb8                back_100
 .text.non_ketuate_goal
                0x0000000008007cf8       0x74 Src/motion.o
                0x0000000008007cf8                non_ketuate_goal
 .text.slalom_left90
                0x0000000008007d6c      0x15c Src/motion.o
                0x0000000008007d6c                slalom_left90
 .text.slalom_right90
                0x0000000008007ec8      0x168 Src/motion.o
                0x0000000008007ec8                slalom_right90
 .text.stop90   0x0000000008008030       0x3c Src/motion.o
                0x0000000008008030                stop90
 .text.chattering
                0x000000000800806c       0x50 Src/other.o
                0x000000000800806c                chattering
 .text.write_flash_log
                0x00000000080080bc       0xb0 Src/other.o
                0x00000000080080bc                write_flash_log
 .text.save_log_to_flash
                0x000000000800816c       0x30 Src/other.o
                0x000000000800816c                save_log_to_flash
 .text.read_all_log_from_flash
                0x000000000800819c       0x30 Src/other.o
                0x000000000800819c                read_all_log_from_flash
 .text.erase_flash
                0x00000000080081cc       0x2a Src/other.o
                0x00000000080081cc                erase_flash
 .text.write_flash
                0x00000000080081f6       0x58 Src/other.o
                0x00000000080081f6                write_flash
 .text.read_flash
                0x000000000800824e       0x20 Src/other.o
                0x000000000800824e                read_flash
 *fill*         0x000000000800826e        0x2 
 .text.save_all_walldata
                0x0000000008008270       0x1c Src/other.o
                0x0000000008008270                save_all_walldata
 .text.read_spi
                0x000000000800828c       0x58 Src/other.o
                0x000000000800828c                read_spi
 .text.write_spi
                0x00000000080082e4       0x5c Src/other.o
                0x00000000080082e4                write_spi
 .text.init_gyro
                0x0000000008008340       0x9c Src/other.o
                0x0000000008008340                init_gyro
 *fill*         0x00000000080083dc        0x4 
 .text.read_gyro
                0x00000000080083e0       0xa8 Src/other.o
                0x00000000080083e0                read_gyro
 .text.read_accel
                0x0000000008008488       0x70 Src/other.o
                0x0000000008008488                read_accel
 .text.check_parity
                0x00000000080084f8       0x4e Src/other.o
                0x00000000080084f8                check_parity
 *fill*         0x0000000008008546        0x2 
 .text.read_spi_en
                0x0000000008008548       0x90 Src/other.o
                0x0000000008008548                read_spi_en
 .text.Battery_Check
                0x00000000080085d8       0xf4 Src/other.o
                0x00000000080085d8                Battery_Check
 .text.set_led  0x00000000080086cc       0xb0 Src/other.o
                0x00000000080086cc                set_led
 .text.log_start
                0x000000000800877c       0x38 Src/other.o
                0x000000000800877c                log_start
 .text.log_sampling
                0x00000000080087b4      0x164 Src/other.o
                0x00000000080087b4                log_sampling
 .text.log_output
                0x0000000008008918      0x1bc Src/other.o
                0x0000000008008918                log_output
 .text.start_led
                0x0000000008008ad4       0xfc Src/other.o
                0x0000000008008ad4                start_led
 .text.output_SEN
                0x0000000008008bd0       0xbc Src/other.o
                0x0000000008008bd0                output_SEN
 .text.set_straight
                0x0000000008008c8c       0x74 Src/ruc.o
                0x0000000008008c8c                set_straight
 .text.set_rotation
                0x0000000008008d00      0x174 Src/ruc.o
                0x0000000008008d00                set_rotation
 .text.wait_straight
                0x0000000008008e74       0x88 Src/ruc.o
                0x0000000008008e74                wait_straight
 .text.wait_rotation
                0x0000000008008efc       0x60 Src/ruc.o
                0x0000000008008efc                wait_rotation
 *fill*         0x0000000008008f5c        0x4 
 .text.trapezoid_preparation
                0x0000000008008f60      0x26c Src/ruc.o
                0x0000000008008f60                trapezoid_preparation
 .text.duty_to_moter
                0x00000000080091cc      0x104 Src/ruc.o
                0x00000000080091cc                duty_to_moter
 .text.control_accel
                0x00000000080092d0       0xd4 Src/ruc.o
                0x00000000080092d0                control_accel
 .text.PID_control
                0x00000000080093a4      0x1a0 Src/ruc.o
                0x00000000080093a4                PID_control
 *fill*         0x0000000008009544        0x4 
 .text.read_vel
                0x0000000008009548      0x310 Src/ruc.o
                0x0000000008009548                read_vel
 .text.integral_1ms
                0x0000000008009858       0x60 Src/ruc.o
                0x0000000008009858                integral_1ms
 .text.integral_ideal
                0x00000000080098b8       0xf0 Src/ruc.o
                0x00000000080098b8                integral_ideal
 .text.wall_control
                0x00000000080099a8      0x548 Src/ruc.o
                0x00000000080099a8                wall_control
 .text.coordinate
                0x0000000008009ef0       0x70 Src/ruc.o
                0x0000000008009ef0                coordinate
 .text.MX_SPI2_Init
                0x0000000008009f60       0x6c Src/spi.o
                0x0000000008009f60                MX_SPI2_Init
 .text.MX_SPI3_Init
                0x0000000008009fcc       0x70 Src/spi.o
                0x0000000008009fcc                MX_SPI3_Init
 .text.HAL_SPI_MspInit
                0x000000000800a03c      0x11c Src/spi.o
                0x000000000800a03c                HAL_SPI_MspInit
 .text.HAL_MspInit
                0x000000000800a158       0x50 Src/stm32f4xx_hal_msp.o
                0x000000000800a158                HAL_MspInit
 .text.NMI_Handler
                0x000000000800a1a8        0xe Src/stm32f4xx_it.o
                0x000000000800a1a8                NMI_Handler
 .text.HardFault_Handler
                0x000000000800a1b6        0x6 Src/stm32f4xx_it.o
                0x000000000800a1b6                HardFault_Handler
 .text.MemManage_Handler
                0x000000000800a1bc        0x6 Src/stm32f4xx_it.o
                0x000000000800a1bc                MemManage_Handler
 .text.BusFault_Handler
                0x000000000800a1c2        0x6 Src/stm32f4xx_it.o
                0x000000000800a1c2                BusFault_Handler
 .text.UsageFault_Handler
                0x000000000800a1c8        0x6 Src/stm32f4xx_it.o
                0x000000000800a1c8                UsageFault_Handler
 .text.SVC_Handler
                0x000000000800a1ce        0xe Src/stm32f4xx_it.o
                0x000000000800a1ce                SVC_Handler
 .text.DebugMon_Handler
                0x000000000800a1dc        0xe Src/stm32f4xx_it.o
                0x000000000800a1dc                DebugMon_Handler
 .text.PendSV_Handler
                0x000000000800a1ea        0xe Src/stm32f4xx_it.o
                0x000000000800a1ea                PendSV_Handler
 .text.SysTick_Handler
                0x000000000800a1f8        0xc Src/stm32f4xx_it.o
                0x000000000800a1f8                SysTick_Handler
 .text.TIM6_DAC_IRQHandler
                0x000000000800a204       0x18 Src/stm32f4xx_it.o
                0x000000000800a204                TIM6_DAC_IRQHandler
 .text.DMA2_Stream0_IRQHandler
                0x000000000800a21c       0x14 Src/stm32f4xx_it.o
                0x000000000800a21c                DMA2_Stream0_IRQHandler
 .text._read    0x000000000800a230       0x3a Src/syscalls.o
                0x000000000800a230                _read
 .text._write   0x000000000800a26a       0x22 Src/syscalls.o
                0x000000000800a26a                _write
 .text._close   0x000000000800a28c       0x18 Src/syscalls.o
                0x000000000800a28c                _close
 .text._fstat   0x000000000800a2a4       0x20 Src/syscalls.o
                0x000000000800a2a4                _fstat
 .text._isatty  0x000000000800a2c4       0x16 Src/syscalls.o
                0x000000000800a2c4                _isatty
 .text._lseek   0x000000000800a2da       0x1a Src/syscalls.o
                0x000000000800a2da                _lseek
 .text._sbrk    0x000000000800a2f4       0x58 Src/sysmem.o
                0x000000000800a2f4                _sbrk
 .text.SystemInit
                0x000000000800a34c       0x6c Src/system_stm32f4xx.o
                0x000000000800a34c                SystemInit
 .text.MX_TIM2_Init
                0x000000000800a3b8       0xc8 Src/tim.o
                0x000000000800a3b8                MX_TIM2_Init
 .text.MX_TIM3_Init
                0x000000000800a480       0xb4 Src/tim.o
                0x000000000800a480                MX_TIM3_Init
 .text.MX_TIM6_Init
                0x000000000800a534       0x6c Src/tim.o
                0x000000000800a534                MX_TIM6_Init
 .text.HAL_TIM_PWM_MspInit
                0x000000000800a5a0       0x6c Src/tim.o
                0x000000000800a5a0                HAL_TIM_PWM_MspInit
 .text.HAL_TIM_Base_MspInit
                0x000000000800a60c       0x50 Src/tim.o
                0x000000000800a60c                HAL_TIM_Base_MspInit
 .text.HAL_TIM_MspPostInit
                0x000000000800a65c       0xfc Src/tim.o
                0x000000000800a65c                HAL_TIM_MspPostInit
 .text.add_West_wall
                0x000000000800a758       0x54 Src/walldata.o
                0x000000000800a758                add_West_wall
 .text.add_South_wall
                0x000000000800a7ac       0x48 Src/walldata.o
                0x000000000800a7ac                add_South_wall
 .text.add_East_wall
                0x000000000800a7f4       0x54 Src/walldata.o
                0x000000000800a7f4                add_East_wall
 .text.add_North_wall
                0x000000000800a848       0x48 Src/walldata.o
                0x000000000800a848                add_North_wall
 .text.pull_West_wall
                0x000000000800a890       0x58 Src/walldata.o
                0x000000000800a890                pull_West_wall
 .text.pull_South_wall
                0x000000000800a8e8       0x54 Src/walldata.o
                0x000000000800a8e8                pull_South_wall
 .text.pull_East_wall
                0x000000000800a93c       0x5c Src/walldata.o
                0x000000000800a93c                pull_East_wall
 .text.pull_North_wall
                0x000000000800a998       0x54 Src/walldata.o
                0x000000000800a998                pull_North_wall
 .text.add_walldata_one
                0x000000000800a9ec       0x52 Src/walldata.o
                0x000000000800a9ec                add_walldata_one
 .text.pull_walldata_one
                0x000000000800aa3e       0x52 Src/walldata.o
                0x000000000800aa3e                pull_walldata_one
 .text.addWall  0x000000000800aa90      0x184 Src/walldata.o
                0x000000000800aa90                addWall
 .text.clear_Map
                0x000000000800ac14       0x66 Src/walldata.o
                0x000000000800ac14                clear_Map
 .text.clear_adachiMap
                0x000000000800ac7a       0x4a Src/walldata.o
                0x000000000800ac7a                clear_adachiMap
 .text.init_walldata
                0x000000000800acc4       0x28 Src/walldata.o
                0x000000000800acc4                init_walldata
 .text.output_Walldata
                0x000000000800acec       0x54 Src/walldata.o
                0x000000000800acec                output_Walldata
 .text.read_Walldata
                0x000000000800ad40      0x284 Src/walldata.o
                0x000000000800ad40                read_Walldata
 .text.getWall  0x000000000800afc4       0xec Src/walldata.o
                0x000000000800afc4                getWall
 .text.Reset_Handler
                0x000000000800b0b0       0x50 Startup/startup_stm32f413chux.o
                0x000000000800b0b0                Reset_Handler
 .text.Default_Handler
                0x000000000800b100        0x2 Startup/startup_stm32f413chux.o
                0x000000000800b100                RTC_Alarm_IRQHandler
                0x000000000800b100                EXTI2_IRQHandler
                0x000000000800b100                TIM8_CC_IRQHandler
                0x000000000800b100                UART8_IRQHandler
                0x000000000800b100                FMPI2C1_EV_IRQHandler
                0x000000000800b100                SPI4_IRQHandler
                0x000000000800b100                TIM1_CC_IRQHandler
                0x000000000800b100                DMA2_Stream5_IRQHandler
                0x000000000800b100                DMA1_Stream5_IRQHandler
                0x000000000800b100                CAN3_RX1_IRQHandler
                0x000000000800b100                PVD_IRQHandler
                0x000000000800b100                SDIO_IRQHandler
                0x000000000800b100                TAMP_STAMP_IRQHandler
                0x000000000800b100                CAN2_RX1_IRQHandler
                0x000000000800b100                EXTI3_IRQHandler
                0x000000000800b100                TIM8_TRG_COM_TIM14_IRQHandler
                0x000000000800b100                DFSDM1_FLT1_IRQHandler
                0x000000000800b100                TIM1_UP_TIM10_IRQHandler
                0x000000000800b100                TIM8_UP_TIM13_IRQHandler
                0x000000000800b100                I2C3_ER_IRQHandler
                0x000000000800b100                EXTI0_IRQHandler
                0x000000000800b100                I2C2_EV_IRQHandler
                0x000000000800b100                DMA1_Stream2_IRQHandler
                0x000000000800b100                CAN1_RX0_IRQHandler
                0x000000000800b100                FPU_IRQHandler
                0x000000000800b100                CAN3_SCE_IRQHandler
                0x000000000800b100                CAN2_SCE_IRQHandler
                0x000000000800b100                DMA2_Stream2_IRQHandler
                0x000000000800b100                SPI1_IRQHandler
                0x000000000800b100                TIM1_BRK_TIM9_IRQHandler
                0x000000000800b100                CAN2_RX0_IRQHandler
                0x000000000800b100                DMA2_Stream3_IRQHandler
                0x000000000800b100                USART6_IRQHandler
                0x000000000800b100                CAN3_RX0_IRQHandler
                0x000000000800b100                USART3_IRQHandler
                0x000000000800b100                DFSDM2_FLT3_IRQHandler
                0x000000000800b100                CAN1_RX1_IRQHandler
                0x000000000800b100                UART5_IRQHandler
                0x000000000800b100                TIM4_IRQHandler
                0x000000000800b100                QUADSPI_IRQHandler
                0x000000000800b100                I2C1_EV_IRQHandler
                0x000000000800b100                DMA1_Stream6_IRQHandler
                0x000000000800b100                DMA1_Stream1_IRQHandler
                0x000000000800b100                UART4_IRQHandler
                0x000000000800b100                TIM3_IRQHandler
                0x000000000800b100                RCC_IRQHandler
                0x000000000800b100                UART9_IRQHandler
                0x000000000800b100                TIM8_BRK_TIM12_IRQHandler
                0x000000000800b100                Default_Handler
                0x000000000800b100                EXTI15_10_IRQHandler
                0x000000000800b100                ADC_IRQHandler
                0x000000000800b100                DMA1_Stream7_IRQHandler
                0x000000000800b100                DFSDM2_FLT0_IRQHandler
                0x000000000800b100                SPI5_IRQHandler
                0x000000000800b100                TIM7_IRQHandler
                0x000000000800b100                CAN2_TX_IRQHandler
                0x000000000800b100                TIM5_IRQHandler
                0x000000000800b100                DMA2_Stream7_IRQHandler
                0x000000000800b100                I2C3_EV_IRQHandler
                0x000000000800b100                DFSDM2_FLT2_IRQHandler
                0x000000000800b100                EXTI9_5_IRQHandler
                0x000000000800b100                RTC_WKUP_IRQHandler
                0x000000000800b100                SPI2_IRQHandler
                0x000000000800b100                DMA1_Stream0_IRQHandler
                0x000000000800b100                CAN1_TX_IRQHandler
                0x000000000800b100                FMPI2C1_ER_IRQHandler
                0x000000000800b100                EXTI4_IRQHandler
                0x000000000800b100                DFSDM2_FLT1_IRQHandler
                0x000000000800b100                RNG_IRQHandler
                0x000000000800b100                FSMC_IRQHandler
                0x000000000800b100                WWDG_IRQHandler
                0x000000000800b100                CAN3_TX_IRQHandler
                0x000000000800b100                TIM2_IRQHandler
                0x000000000800b100                OTG_FS_WKUP_IRQHandler
                0x000000000800b100                TIM1_TRG_COM_TIM11_IRQHandler
                0x000000000800b100                EXTI1_IRQHandler
                0x000000000800b100                UART7_IRQHandler
                0x000000000800b100                USART2_IRQHandler
                0x000000000800b100                DFSDM1_FLT0_IRQHandler
                0x000000000800b100                I2C2_ER_IRQHandler
                0x000000000800b100                DMA2_Stream1_IRQHandler
                0x000000000800b100                CAN1_SCE_IRQHandler
                0x000000000800b100                FLASH_IRQHandler
                0x000000000800b100                DMA2_Stream4_IRQHandler
                0x000000000800b100                USART1_IRQHandler
                0x000000000800b100                OTG_FS_IRQHandler
                0x000000000800b100                SPI3_IRQHandler
                0x000000000800b100                DMA1_Stream4_IRQHandler
                0x000000000800b100                I2C1_ER_IRQHandler
                0x000000000800b100                LPTIM1_IRQHandler
                0x000000000800b100                DMA2_Stream6_IRQHandler
                0x000000000800b100                UART10_IRQHandler
                0x000000000800b100                SAI1_IRQHandler
                0x000000000800b100                DMA1_Stream3_IRQHandler
 *fill*         0x000000000800b102        0x2 
 .text.__errno  0x000000000800b104        0xc c:/st/stm32cubeide_1.0.2/stm32cubeide/plugins/com.st.stm32cube.ide.mcu.externaltools.gnu-tools-for-stm32.7-2018-q2-update.win32_1.0.0.201904181610/tools/bin/../lib/gcc/arm-none-eabi/7.3.1/../../../../arm-none-eabi/lib/thumb/v7e-m/fpv4-sp/hard\libc_nano.a(lib_a-errno.o)
                0x000000000800b104                __errno
 .text.__libc_init_array
                0x000000000800b110       0x48 c:/st/stm32cubeide_1.0.2/stm32cubeide/plugins/com.st.stm32cube.ide.mcu.externaltools.gnu-tools-for-stm32.7-2018-q2-update.win32_1.0.0.201904181610/tools/bin/../lib/gcc/arm-none-eabi/7.3.1/../../../../arm-none-eabi/lib/thumb/v7e-m/fpv4-sp/hard\libc_nano.a(lib_a-init.o)
                0x000000000800b110                __libc_init_array
 .text.memcpy   0x000000000800b158       0x16 c:/st/stm32cubeide_1.0.2/stm32cubeide/plugins/com.st.stm32cube.ide.mcu.externaltools.gnu-tools-for-stm32.7-2018-q2-update.win32_1.0.0.201904181610/tools/bin/../lib/gcc/arm-none-eabi/7.3.1/../../../../arm-none-eabi/lib/thumb/v7e-m/fpv4-sp/hard\libc_nano.a(lib_a-memcpy-stub.o)
                0x000000000800b158                memcpy
 .text.memset   0x000000000800b16e       0x10 c:/st/stm32cubeide_1.0.2/stm32cubeide/plugins/com.st.stm32cube.ide.mcu.externaltools.gnu-tools-for-stm32.7-2018-q2-update.win32_1.0.0.201904181610/tools/bin/../lib/gcc/arm-none-eabi/7.3.1/../../../../arm-none-eabi/lib/thumb/v7e-m/fpv4-sp/hard\libc_nano.a(lib_a-memset.o)
                0x000000000800b16e                memset
 .text.__cvt    0x000000000800b17e       0xc2 c:/st/stm32cubeide_1.0.2/stm32cubeide/plugins/com.st.stm32cube.ide.mcu.externaltools.gnu-tools-for-stm32.7-2018-q2-update.win32_1.0.0.201904181610/tools/bin/../lib/gcc/arm-none-eabi/7.3.1/../../../../arm-none-eabi/lib/thumb/v7e-m/fpv4-sp/hard\libc_nano.a(lib_a-nano-vfprintf_float.o)
                0x000000000800b17e                __cvt
 .text.__exponent
                0x000000000800b240       0x66 c:/st/stm32cubeide_1.0.2/stm32cubeide/plugins/com.st.stm32cube.ide.mcu.externaltools.gnu-tools-for-stm32.7-2018-q2-update.win32_1.0.0.201904181610/tools/bin/../lib/gcc/arm-none-eabi/7.3.1/../../../../arm-none-eabi/lib/thumb/v7e-m/fpv4-sp/hard\libc_nano.a(lib_a-nano-vfprintf_float.o)
                0x000000000800b240                __exponent
 *fill*         0x000000000800b2a6        0x2 
 .text._printf_float
                0x000000000800b2a8      0x480 c:/st/stm32cubeide_1.0.2/stm32cubeide/plugins/com.st.stm32cube.ide.mcu.externaltools.gnu-tools-for-stm32.7-2018-q2-update.win32_1.0.0.201904181610/tools/bin/../lib/gcc/arm-none-eabi/7.3.1/../../../../arm-none-eabi/lib/thumb/v7e-m/fpv4-sp/hard\libc_nano.a(lib_a-nano-vfprintf_float.o)
                0x000000000800b2a8                _printf_float
 .text._printf_common
                0x000000000800b728       0xea c:/st/stm32cubeide_1.0.2/stm32cubeide/plugins/com.st.stm32cube.ide.mcu.externaltools.gnu-tools-for-stm32.7-2018-q2-update.win32_1.0.0.201904181610/tools/bin/../lib/gcc/arm-none-eabi/7.3.1/../../../../arm-none-eabi/lib/thumb/v7e-m/fpv4-sp/hard\libc_nano.a(lib_a-nano-vfprintf_i.o)
                0x000000000800b728                _printf_common
 *fill*         0x000000000800b812        0x2 
 .text._printf_i
                0x000000000800b814      0x224 c:/st/stm32cubeide_1.0.2/stm32cubeide/plugins/com.st.stm32cube.ide.mcu.externaltools.gnu-tools-for-stm32.7-2018-q2-update.win32_1.0.0.201904181610/tools/bin/../lib/gcc/arm-none-eabi/7.3.1/../../../../arm-none-eabi/lib/thumb/v7e-m/fpv4-sp/hard\libc_nano.a(lib_a-nano-vfprintf_i.o)
                0x000000000800b814                _printf_i
 .text.printf   0x000000000800ba38       0x30 c:/st/stm32cubeide_1.0.2/stm32cubeide/plugins/com.st.stm32cube.ide.mcu.externaltools.gnu-tools-for-stm32.7-2018-q2-update.win32_1.0.0.201904181610/tools/bin/../lib/gcc/arm-none-eabi/7.3.1/../../../../arm-none-eabi/lib/thumb/v7e-m/fpv4-sp/hard\libc_nano.a(lib_a-printf.o)
                0x000000000800ba38                iprintf
                0x000000000800ba38                printf
 .text.putchar  0x000000000800ba68       0x28 c:/st/stm32cubeide_1.0.2/stm32cubeide/plugins/com.st.stm32cube.ide.mcu.externaltools.gnu-tools-for-stm32.7-2018-q2-update.win32_1.0.0.201904181610/tools/bin/../lib/gcc/arm-none-eabi/7.3.1/../../../../arm-none-eabi/lib/thumb/v7e-m/fpv4-sp/hard\libc_nano.a(lib_a-putchar.o)
                0x000000000800ba68                putchar
 .text._puts_r  0x000000000800ba90       0xb8 c:/st/stm32cubeide_1.0.2/stm32cubeide/plugins/com.st.stm32cube.ide.mcu.externaltools.gnu-tools-for-stm32.7-2018-q2-update.win32_1.0.0.201904181610/tools/bin/../lib/gcc/arm-none-eabi/7.3.1/../../../../arm-none-eabi/lib/thumb/v7e-m/fpv4-sp/hard\libc_nano.a(lib_a-puts.o)
                0x000000000800ba90                _puts_r
 .text.puts     0x000000000800bb48       0x10 c:/st/stm32cubeide_1.0.2/stm32cubeide/plugins/com.st.stm32cube.ide.mcu.externaltools.gnu-tools-for-stm32.7-2018-q2-update.win32_1.0.0.201904181610/tools/bin/../lib/gcc/arm-none-eabi/7.3.1/../../../../arm-none-eabi/lib/thumb/v7e-m/fpv4-sp/hard\libc_nano.a(lib_a-puts.o)
                0x000000000800bb48                puts
 .text.__swbuf_r
                0x000000000800bb58       0xa4 c:/st/stm32cubeide_1.0.2/stm32cubeide/plugins/com.st.stm32cube.ide.mcu.externaltools.gnu-tools-for-stm32.7-2018-q2-update.win32_1.0.0.201904181610/tools/bin/../lib/gcc/arm-none-eabi/7.3.1/../../../../arm-none-eabi/lib/thumb/v7e-m/fpv4-sp/hard\libc_nano.a(lib_a-wbuf.o)
                0x000000000800bb58                __swbuf_r
 .text.__swsetup_r
                0x000000000800bbfc       0xdc c:/st/stm32cubeide_1.0.2/stm32cubeide/plugins/com.st.stm32cube.ide.mcu.externaltools.gnu-tools-for-stm32.7-2018-q2-update.win32_1.0.0.201904181610/tools/bin/../lib/gcc/arm-none-eabi/7.3.1/../../../../arm-none-eabi/lib/thumb/v7e-m/fpv4-sp/hard\libc_nano.a(lib_a-wsetup.o)
                0x000000000800bbfc                __swsetup_r
 .text.quorem   0x000000000800bcd8      0x118 c:/st/stm32cubeide_1.0.2/stm32cubeide/plugins/com.st.stm32cube.ide.mcu.externaltools.gnu-tools-for-stm32.7-2018-q2-update.win32_1.0.0.201904181610/tools/bin/../lib/gcc/arm-none-eabi/7.3.1/../../../../arm-none-eabi/lib/thumb/v7e-m/fpv4-sp/hard\libc_nano.a(lib_a-dtoa.o)
 .text._dtoa_r  0x000000000800bdf0      0xb70 c:/st/stm32cubeide_1.0.2/stm32cubeide/plugins/com.st.stm32cube.ide.mcu.externaltools.gnu-tools-for-stm32.7-2018-q2-update.win32_1.0.0.201904181610/tools/bin/../lib/gcc/arm-none-eabi/7.3.1/../../../../arm-none-eabi/lib/thumb/v7e-m/fpv4-sp/hard\libc_nano.a(lib_a-dtoa.o)
                0x000000000800bdf0                _dtoa_r
 .text.__sflush_r
                0x000000000800c960      0x10c c:/st/stm32cubeide_1.0.2/stm32cubeide/plugins/com.st.stm32cube.ide.mcu.externaltools.gnu-tools-for-stm32.7-2018-q2-update.win32_1.0.0.201904181610/tools/bin/../lib/gcc/arm-none-eabi/7.3.1/../../../../arm-none-eabi/lib/thumb/v7e-m/fpv4-sp/hard\libc_nano.a(lib_a-fflush.o)
                0x000000000800c960                __sflush_r
 .text._fflush_r
                0x000000000800ca6c       0x54 c:/st/stm32cubeide_1.0.2/stm32cubeide/plugins/com.st.stm32cube.ide.mcu.externaltools.gnu-tools-for-stm32.7-2018-q2-update.win32_1.0.0.201904181610/tools/bin/../lib/gcc/arm-none-eabi/7.3.1/../../../../arm-none-eabi/lib/thumb/v7e-m/fpv4-sp/hard\libc_nano.a(lib_a-fflush.o)
                0x000000000800ca6c                _fflush_r
 .text.std      0x000000000800cac0       0x48 c:/st/stm32cubeide_1.0.2/stm32cubeide/plugins/com.st.stm32cube.ide.mcu.externaltools.gnu-tools-for-stm32.7-2018-q2-update.win32_1.0.0.201904181610/tools/bin/../lib/gcc/arm-none-eabi/7.3.1/../../../../arm-none-eabi/lib/thumb/v7e-m/fpv4-sp/hard\libc_nano.a(lib_a-findfp.o)
 .text._cleanup_r
                0x000000000800cb08        0xc c:/st/stm32cubeide_1.0.2/stm32cubeide/plugins/com.st.stm32cube.ide.mcu.externaltools.gnu-tools-for-stm32.7-2018-q2-update.win32_1.0.0.201904181610/tools/bin/../lib/gcc/arm-none-eabi/7.3.1/../../../../arm-none-eabi/lib/thumb/v7e-m/fpv4-sp/hard\libc_nano.a(lib_a-findfp.o)
                0x000000000800cb08                _cleanup_r
 .text.__sfmoreglue
                0x000000000800cb14       0x2c c:/st/stm32cubeide_1.0.2/stm32cubeide/plugins/com.st.stm32cube.ide.mcu.externaltools.gnu-tools-for-stm32.7-2018-q2-update.win32_1.0.0.201904181610/tools/bin/../lib/gcc/arm-none-eabi/7.3.1/../../../../arm-none-eabi/lib/thumb/v7e-m/fpv4-sp/hard\libc_nano.a(lib_a-findfp.o)
                0x000000000800cb14                __sfmoreglue
 .text.__sinit  0x000000000800cb40       0x60 c:/st/stm32cubeide_1.0.2/stm32cubeide/plugins/com.st.stm32cube.ide.mcu.externaltools.gnu-tools-for-stm32.7-2018-q2-update.win32_1.0.0.201904181610/tools/bin/../lib/gcc/arm-none-eabi/7.3.1/../../../../arm-none-eabi/lib/thumb/v7e-m/fpv4-sp/hard\libc_nano.a(lib_a-findfp.o)
                0x000000000800cb40                __sinit
 .text.__sfp    0x000000000800cba0       0x78 c:/st/stm32cubeide_1.0.2/stm32cubeide/plugins/com.st.stm32cube.ide.mcu.externaltools.gnu-tools-for-stm32.7-2018-q2-update.win32_1.0.0.201904181610/tools/bin/../lib/gcc/arm-none-eabi/7.3.1/../../../../arm-none-eabi/lib/thumb/v7e-m/fpv4-sp/hard\libc_nano.a(lib_a-findfp.o)
                0x000000000800cba0                __sfp
 .text._fwalk_reent
                0x000000000800cc18       0x3c c:/st/stm32cubeide_1.0.2/stm32cubeide/plugins/com.st.stm32cube.ide.mcu.externaltools.gnu-tools-for-stm32.7-2018-q2-update.win32_1.0.0.201904181610/tools/bin/../lib/gcc/arm-none-eabi/7.3.1/../../../../arm-none-eabi/lib/thumb/v7e-m/fpv4-sp/hard\libc_nano.a(lib_a-fwalk.o)
                0x000000000800cc18                _fwalk_reent
 .text._localeconv_r
                0x000000000800cc54       0x1c c:/st/stm32cubeide_1.0.2/stm32cubeide/plugins/com.st.stm32cube.ide.mcu.externaltools.gnu-tools-for-stm32.7-2018-q2-update.win32_1.0.0.201904181610/tools/bin/../lib/gcc/arm-none-eabi/7.3.1/../../../../arm-none-eabi/lib/thumb/v7e-m/fpv4-sp/hard\libc_nano.a(lib_a-localeconv.o)
                0x000000000800cc54                _localeconv_r
 .text.__swhatbuf_r
                0x000000000800cc70       0x48 c:/st/stm32cubeide_1.0.2/stm32cubeide/plugins/com.st.stm32cube.ide.mcu.externaltools.gnu-tools-for-stm32.7-2018-q2-update.win32_1.0.0.201904181610/tools/bin/../lib/gcc/arm-none-eabi/7.3.1/../../../../arm-none-eabi/lib/thumb/v7e-m/fpv4-sp/hard\libc_nano.a(lib_a-makebuf.o)
                0x000000000800cc70                __swhatbuf_r
 .text.__smakebuf_r
                0x000000000800ccb8       0x80 c:/st/stm32cubeide_1.0.2/stm32cubeide/plugins/com.st.stm32cube.ide.mcu.externaltools.gnu-tools-for-stm32.7-2018-q2-update.win32_1.0.0.201904181610/tools/bin/../lib/gcc/arm-none-eabi/7.3.1/../../../../arm-none-eabi/lib/thumb/v7e-m/fpv4-sp/hard\libc_nano.a(lib_a-makebuf.o)
                0x000000000800ccb8                __smakebuf_r
 .text.malloc   0x000000000800cd38       0x10 c:/st/stm32cubeide_1.0.2/stm32cubeide/plugins/com.st.stm32cube.ide.mcu.externaltools.gnu-tools-for-stm32.7-2018-q2-update.win32_1.0.0.201904181610/tools/bin/../lib/gcc/arm-none-eabi/7.3.1/../../../../arm-none-eabi/lib/thumb/v7e-m/fpv4-sp/hard\libc_nano.a(lib_a-malloc.o)
                0x000000000800cd38                malloc
 .text._Balloc  0x000000000800cd48       0x68 c:/st/stm32cubeide_1.0.2/stm32cubeide/plugins/com.st.stm32cube.ide.mcu.externaltools.gnu-tools-for-stm32.7-2018-q2-update.win32_1.0.0.201904181610/tools/bin/../lib/gcc/arm-none-eabi/7.3.1/../../../../arm-none-eabi/lib/thumb/v7e-m/fpv4-sp/hard\libc_nano.a(lib_a-mprec.o)
                0x000000000800cd48                _Balloc
 .text._Bfree   0x000000000800cdb0       0x2e c:/st/stm32cubeide_1.0.2/stm32cubeide/plugins/com.st.stm32cube.ide.mcu.externaltools.gnu-tools-for-stm32.7-2018-q2-update.win32_1.0.0.201904181610/tools/bin/../lib/gcc/arm-none-eabi/7.3.1/../../../../arm-none-eabi/lib/thumb/v7e-m/fpv4-sp/hard\libc_nano.a(lib_a-mprec.o)
                0x000000000800cdb0                _Bfree
 .text.__multadd
                0x000000000800cdde       0x76 c:/st/stm32cubeide_1.0.2/stm32cubeide/plugins/com.st.stm32cube.ide.mcu.externaltools.gnu-tools-for-stm32.7-2018-q2-update.win32_1.0.0.201904181610/tools/bin/../lib/gcc/arm-none-eabi/7.3.1/../../../../arm-none-eabi/lib/thumb/v7e-m/fpv4-sp/hard\libc_nano.a(lib_a-mprec.o)
                0x000000000800cdde                __multadd
 .text.__hi0bits
                0x000000000800ce54       0x3e c:/st/stm32cubeide_1.0.2/stm32cubeide/plugins/com.st.stm32cube.ide.mcu.externaltools.gnu-tools-for-stm32.7-2018-q2-update.win32_1.0.0.201904181610/tools/bin/../lib/gcc/arm-none-eabi/7.3.1/../../../../arm-none-eabi/lib/thumb/v7e-m/fpv4-sp/hard\libc_nano.a(lib_a-mprec.o)
                0x000000000800ce54                __hi0bits
 .text.__lo0bits
                0x000000000800ce92       0x5e c:/st/stm32cubeide_1.0.2/stm32cubeide/plugins/com.st.stm32cube.ide.mcu.externaltools.gnu-tools-for-stm32.7-2018-q2-update.win32_1.0.0.201904181610/tools/bin/../lib/gcc/arm-none-eabi/7.3.1/../../../../arm-none-eabi/lib/thumb/v7e-m/fpv4-sp/hard\libc_nano.a(lib_a-mprec.o)
                0x000000000800ce92                __lo0bits
 .text.__i2b    0x000000000800cef0       0x12 c:/st/stm32cubeide_1.0.2/stm32cubeide/plugins/com.st.stm32cube.ide.mcu.externaltools.gnu-tools-for-stm32.7-2018-q2-update.win32_1.0.0.201904181610/tools/bin/../lib/gcc/arm-none-eabi/7.3.1/../../../../arm-none-eabi/lib/thumb/v7e-m/fpv4-sp/hard\libc_nano.a(lib_a-mprec.o)
                0x000000000800cef0                __i2b
 .text.__multiply
                0x000000000800cf02      0x12c c:/st/stm32cubeide_1.0.2/stm32cubeide/plugins/com.st.stm32cube.ide.mcu.externaltools.gnu-tools-for-stm32.7-2018-q2-update.win32_1.0.0.201904181610/tools/bin/../lib/gcc/arm-none-eabi/7.3.1/../../../../arm-none-eabi/lib/thumb/v7e-m/fpv4-sp/hard\libc_nano.a(lib_a-mprec.o)
                0x000000000800cf02                __multiply
 *fill*         0x000000000800d02e        0x2 
 .text.__pow5mult
                0x000000000800d030       0x9c c:/st/stm32cubeide_1.0.2/stm32cubeide/plugins/com.st.stm32cube.ide.mcu.externaltools.gnu-tools-for-stm32.7-2018-q2-update.win32_1.0.0.201904181610/tools/bin/../lib/gcc/arm-none-eabi/7.3.1/../../../../arm-none-eabi/lib/thumb/v7e-m/fpv4-sp/hard\libc_nano.a(lib_a-mprec.o)
                0x000000000800d030                __pow5mult
 .text.__lshift
                0x000000000800d0cc       0xa8 c:/st/stm32cubeide_1.0.2/stm32cubeide/plugins/com.st.stm32cube.ide.mcu.externaltools.gnu-tools-for-stm32.7-2018-q2-update.win32_1.0.0.201904181610/tools/bin/../lib/gcc/arm-none-eabi/7.3.1/../../../../arm-none-eabi/lib/thumb/v7e-m/fpv4-sp/hard\libc_nano.a(lib_a-mprec.o)
                0x000000000800d0cc                __lshift
 .text.__mcmp   0x000000000800d174       0x34 c:/st/stm32cubeide_1.0.2/stm32cubeide/plugins/com.st.stm32cube.ide.mcu.externaltools.gnu-tools-for-stm32.7-2018-q2-update.win32_1.0.0.201904181610/tools/bin/../lib/gcc/arm-none-eabi/7.3.1/../../../../arm-none-eabi/lib/thumb/v7e-m/fpv4-sp/hard\libc_nano.a(lib_a-mprec.o)
                0x000000000800d174                __mcmp
 .text.__mdiff  0x000000000800d1a8       0xba c:/st/stm32cubeide_1.0.2/stm32cubeide/plugins/com.st.stm32cube.ide.mcu.externaltools.gnu-tools-for-stm32.7-2018-q2-update.win32_1.0.0.201904181610/tools/bin/../lib/gcc/arm-none-eabi/7.3.1/../../../../arm-none-eabi/lib/thumb/v7e-m/fpv4-sp/hard\libc_nano.a(lib_a-mprec.o)
                0x000000000800d1a8                __mdiff
 .text.__d2b    0x000000000800d262       0x9e c:/st/stm32cubeide_1.0.2/stm32cubeide/plugins/com.st.stm32cube.ide.mcu.externaltools.gnu-tools-for-stm32.7-2018-q2-update.win32_1.0.0.201904181610/tools/bin/../lib/gcc/arm-none-eabi/7.3.1/../../../../arm-none-eabi/lib/thumb/v7e-m/fpv4-sp/hard\libc_nano.a(lib_a-mprec.o)
                0x000000000800d262                __d2b
 .text._calloc_r
                0x000000000800d300       0x1c c:/st/stm32cubeide_1.0.2/stm32cubeide/plugins/com.st.stm32cube.ide.mcu.externaltools.gnu-tools-for-stm32.7-2018-q2-update.win32_1.0.0.201904181610/tools/bin/../lib/gcc/arm-none-eabi/7.3.1/../../../../arm-none-eabi/lib/thumb/v7e-m/fpv4-sp/hard\libc_nano.a(lib_a-nano-callocr.o)
                0x000000000800d300                _calloc_r
 .text._free_r  0x000000000800d31c       0x9c c:/st/stm32cubeide_1.0.2/stm32cubeide/plugins/com.st.stm32cube.ide.mcu.externaltools.gnu-tools-for-stm32.7-2018-q2-update.win32_1.0.0.201904181610/tools/bin/../lib/gcc/arm-none-eabi/7.3.1/../../../../arm-none-eabi/lib/thumb/v7e-m/fpv4-sp/hard\libc_nano.a(lib_a-nano-freer.o)
                0x000000000800d31c                _free_r
 .text._malloc_r
                0x000000000800d3b8       0xb4 c:/st/stm32cubeide_1.0.2/stm32cubeide/plugins/com.st.stm32cube.ide.mcu.externaltools.gnu-tools-for-stm32.7-2018-q2-update.win32_1.0.0.201904181610/tools/bin/../lib/gcc/arm-none-eabi/7.3.1/../../../../arm-none-eabi/lib/thumb/v7e-m/fpv4-sp/hard\libc_nano.a(lib_a-nano-mallocr.o)
                0x000000000800d3b8                _malloc_r
 .text.__sfputc_r
                0x000000000800d46c       0x2e c:/st/stm32cubeide_1.0.2/stm32cubeide/plugins/com.st.stm32cube.ide.mcu.externaltools.gnu-tools-for-stm32.7-2018-q2-update.win32_1.0.0.201904181610/tools/bin/../lib/gcc/arm-none-eabi/7.3.1/../../../../arm-none-eabi/lib/thumb/v7e-m/fpv4-sp/hard\libc_nano.a(lib_a-nano-vfprintf.o)
 .text.__sfputs_r
                0x000000000800d49a       0x24 c:/st/stm32cubeide_1.0.2/stm32cubeide/plugins/com.st.stm32cube.ide.mcu.externaltools.gnu-tools-for-stm32.7-2018-q2-update.win32_1.0.0.201904181610/tools/bin/../lib/gcc/arm-none-eabi/7.3.1/../../../../arm-none-eabi/lib/thumb/v7e-m/fpv4-sp/hard\libc_nano.a(lib_a-nano-vfprintf.o)
                0x000000000800d49a                __sfputs_r
 *fill*         0x000000000800d4be        0x2 
 .text._vfprintf_r
                0x000000000800d4c0      0x22c c:/st/stm32cubeide_1.0.2/stm32cubeide/plugins/com.st.stm32cube.ide.mcu.externaltools.gnu-tools-for-stm32.7-2018-q2-update.win32_1.0.0.201904181610/tools/bin/../lib/gcc/arm-none-eabi/7.3.1/../../../../arm-none-eabi/lib/thumb/v7e-m/fpv4-sp/hard\libc_nano.a(lib_a-nano-vfprintf.o)
                0x000000000800d4c0                _vfprintf_r
                0x000000000800d4c0                _vfiprintf_r
 .text._putc_r  0x000000000800d6ec       0x6c c:/st/stm32cubeide_1.0.2/stm32cubeide/plugins/com.st.stm32cube.ide.mcu.externaltools.gnu-tools-for-stm32.7-2018-q2-update.win32_1.0.0.201904181610/tools/bin/../lib/gcc/arm-none-eabi/7.3.1/../../../../arm-none-eabi/lib/thumb/v7e-m/fpv4-sp/hard\libc_nano.a(lib_a-putc.o)
                0x000000000800d6ec                _putc_r
 .text._sbrk_r  0x000000000800d758       0x20 c:/st/stm32cubeide_1.0.2/stm32cubeide/plugins/com.st.stm32cube.ide.mcu.externaltools.gnu-tools-for-stm32.7-2018-q2-update.win32_1.0.0.201904181610/tools/bin/../lib/gcc/arm-none-eabi/7.3.1/../../../../arm-none-eabi/lib/thumb/v7e-m/fpv4-sp/hard\libc_nano.a(lib_a-sbrkr.o)
                0x000000000800d758                _sbrk_r
 .text.__sread  0x000000000800d778       0x22 c:/st/stm32cubeide_1.0.2/stm32cubeide/plugins/com.st.stm32cube.ide.mcu.externaltools.gnu-tools-for-stm32.7-2018-q2-update.win32_1.0.0.201904181610/tools/bin/../lib/gcc/arm-none-eabi/7.3.1/../../../../arm-none-eabi/lib/thumb/v7e-m/fpv4-sp/hard\libc_nano.a(lib_a-stdio.o)
                0x000000000800d778                __sread
 .text.__swrite
                0x000000000800d79a       0x38 c:/st/stm32cubeide_1.0.2/stm32cubeide/plugins/com.st.stm32cube.ide.mcu.externaltools.gnu-tools-for-stm32.7-2018-q2-update.win32_1.0.0.201904181610/tools/bin/../lib/gcc/arm-none-eabi/7.3.1/../../../../arm-none-eabi/lib/thumb/v7e-m/fpv4-sp/hard\libc_nano.a(lib_a-stdio.o)
                0x000000000800d79a                __swrite
 .text.__sseek  0x000000000800d7d2       0x24 c:/st/stm32cubeide_1.0.2/stm32cubeide/plugins/com.st.stm32cube.ide.mcu.externaltools.gnu-tools-for-stm32.7-2018-q2-update.win32_1.0.0.201904181610/tools/bin/../lib/gcc/arm-none-eabi/7.3.1/../../../../arm-none-eabi/lib/thumb/v7e-m/fpv4-sp/hard\libc_nano.a(lib_a-stdio.o)
                0x000000000800d7d2                __sseek
 .text.__sclose
                0x000000000800d7f6        0x8 c:/st/stm32cubeide_1.0.2/stm32cubeide/plugins/com.st.stm32cube.ide.mcu.externaltools.gnu-tools-for-stm32.7-2018-q2-update.win32_1.0.0.201904181610/tools/bin/../lib/gcc/arm-none-eabi/7.3.1/../../../../arm-none-eabi/lib/thumb/v7e-m/fpv4-sp/hard\libc_nano.a(lib_a-stdio.o)
                0x000000000800d7f6                __sclose
 *fill*         0x000000000800d7fe        0x2 
 .text._write_r
                0x000000000800d800       0x24 c:/st/stm32cubeide_1.0.2/stm32cubeide/plugins/com.st.stm32cube.ide.mcu.externaltools.gnu-tools-for-stm32.7-2018-q2-update.win32_1.0.0.201904181610/tools/bin/../lib/gcc/arm-none-eabi/7.3.1/../../../../arm-none-eabi/lib/thumb/v7e-m/fpv4-sp/hard\libc_nano.a(lib_a-writer.o)
                0x000000000800d800                _write_r
 .text._close_r
                0x000000000800d824       0x20 c:/st/stm32cubeide_1.0.2/stm32cubeide/plugins/com.st.stm32cube.ide.mcu.externaltools.gnu-tools-for-stm32.7-2018-q2-update.win32_1.0.0.201904181610/tools/bin/../lib/gcc/arm-none-eabi/7.3.1/../../../../arm-none-eabi/lib/thumb/v7e-m/fpv4-sp/hard\libc_nano.a(lib_a-closer.o)
                0x000000000800d824                _close_r
 .text._fstat_r
                0x000000000800d844       0x24 c:/st/stm32cubeide_1.0.2/stm32cubeide/plugins/com.st.stm32cube.ide.mcu.externaltools.gnu-tools-for-stm32.7-2018-q2-update.win32_1.0.0.201904181610/tools/bin/../lib/gcc/arm-none-eabi/7.3.1/../../../../arm-none-eabi/lib/thumb/v7e-m/fpv4-sp/hard\libc_nano.a(lib_a-fstatr.o)
                0x000000000800d844                _fstat_r
 .text._isatty_r
                0x000000000800d868       0x20 c:/st/stm32cubeide_1.0.2/stm32cubeide/plugins/com.st.stm32cube.ide.mcu.externaltools.gnu-tools-for-stm32.7-2018-q2-update.win32_1.0.0.201904181610/tools/bin/../lib/gcc/arm-none-eabi/7.3.1/../../../../arm-none-eabi/lib/thumb/v7e-m/fpv4-sp/hard\libc_nano.a(lib_a-isattyr.o)
                0x000000000800d868                _isatty_r
 .text._lseek_r
                0x000000000800d888       0x24 c:/st/stm32cubeide_1.0.2/stm32cubeide/plugins/com.st.stm32cube.ide.mcu.externaltools.gnu-tools-for-stm32.7-2018-q2-update.win32_1.0.0.201904181610/tools/bin/../lib/gcc/arm-none-eabi/7.3.1/../../../../arm-none-eabi/lib/thumb/v7e-m/fpv4-sp/hard\libc_nano.a(lib_a-lseekr.o)
                0x000000000800d888                _lseek_r
 .text.__ascii_mbtowc
                0x000000000800d8ac       0x24 c:/st/stm32cubeide_1.0.2/stm32cubeide/plugins/com.st.stm32cube.ide.mcu.externaltools.gnu-tools-for-stm32.7-2018-q2-update.win32_1.0.0.201904181610/tools/bin/../lib/gcc/arm-none-eabi/7.3.1/../../../../arm-none-eabi/lib/thumb/v7e-m/fpv4-sp/hard\libc_nano.a(lib_a-mbtowc_r.o)
                0x000000000800d8ac                __ascii_mbtowc
 .text.__malloc_lock
                0x000000000800d8d0        0x2 c:/st/stm32cubeide_1.0.2/stm32cubeide/plugins/com.st.stm32cube.ide.mcu.externaltools.gnu-tools-for-stm32.7-2018-q2-update.win32_1.0.0.201904181610/tools/bin/../lib/gcc/arm-none-eabi/7.3.1/../../../../arm-none-eabi/lib/thumb/v7e-m/fpv4-sp/hard\libc_nano.a(lib_a-mlock.o)
                0x000000000800d8d0                __malloc_lock
 .text.__malloc_unlock
                0x000000000800d8d2        0x2 c:/st/stm32cubeide_1.0.2/stm32cubeide/plugins/com.st.stm32cube.ide.mcu.externaltools.gnu-tools-for-stm32.7-2018-q2-update.win32_1.0.0.201904181610/tools/bin/../lib/gcc/arm-none-eabi/7.3.1/../../../../arm-none-eabi/lib/thumb/v7e-m/fpv4-sp/hard\libc_nano.a(lib_a-mlock.o)
                0x000000000800d8d2                __malloc_unlock
 .text._read_r  0x000000000800d8d4       0x24 c:/st/stm32cubeide_1.0.2/stm32cubeide/plugins/com.st.stm32cube.ide.mcu.externaltools.gnu-tools-for-stm32.7-2018-q2-update.win32_1.0.0.201904181610/tools/bin/../lib/gcc/arm-none-eabi/7.3.1/../../../../arm-none-eabi/lib/thumb/v7e-m/fpv4-sp/hard\libc_nano.a(lib_a-readr.o)
                0x000000000800d8d4                _read_r
 .text.__ascii_wctomb
                0x000000000800d8f8       0x1a c:/st/stm32cubeide_1.0.2/stm32cubeide/plugins/com.st.stm32cube.ide.mcu.externaltools.gnu-tools-for-stm32.7-2018-q2-update.win32_1.0.0.201904181610/tools/bin/../lib/gcc/arm-none-eabi/7.3.1/../../../../arm-none-eabi/lib/thumb/v7e-m/fpv4-sp/hard\libc_nano.a(lib_a-wctomb_r.o)
                0x000000000800d8f8                __ascii_wctomb
 *(.glue_7)
 .glue_7        0x000000000800d912        0x0 linker stubs
 *(.glue_7t)
 .glue_7t       0x000000000800d912        0x0 linker stubs
 *(.eh_frame)
 *fill*         0x000000000800d912        0x2 
 .eh_frame      0x000000000800d914        0x0 c:/st/stm32cubeide_1.0.2/stm32cubeide/plugins/com.st.stm32cube.ide.mcu.externaltools.gnu-tools-for-stm32.7-2018-q2-update.win32_1.0.0.201904181610/tools/bin/../lib/gcc/arm-none-eabi/7.3.1/thumb/v7e-m/fpv4-sp/hard/crtbegin.o
 *(.init)
 .init          0x000000000800d914        0x4 c:/st/stm32cubeide_1.0.2/stm32cubeide/plugins/com.st.stm32cube.ide.mcu.externaltools.gnu-tools-for-stm32.7-2018-q2-update.win32_1.0.0.201904181610/tools/bin/../lib/gcc/arm-none-eabi/7.3.1/thumb/v7e-m/fpv4-sp/hard/crti.o
                0x000000000800d914                _init
 .init          0x000000000800d918        0x8 c:/st/stm32cubeide_1.0.2/stm32cubeide/plugins/com.st.stm32cube.ide.mcu.externaltools.gnu-tools-for-stm32.7-2018-q2-update.win32_1.0.0.201904181610/tools/bin/../lib/gcc/arm-none-eabi/7.3.1/thumb/v7e-m/fpv4-sp/hard/crtn.o
 *(.fini)
 .fini          0x000000000800d920        0x4 c:/st/stm32cubeide_1.0.2/stm32cubeide/plugins/com.st.stm32cube.ide.mcu.externaltools.gnu-tools-for-stm32.7-2018-q2-update.win32_1.0.0.201904181610/tools/bin/../lib/gcc/arm-none-eabi/7.3.1/thumb/v7e-m/fpv4-sp/hard/crti.o
                0x000000000800d920                _fini
 .fini          0x000000000800d924        0x8 c:/st/stm32cubeide_1.0.2/stm32cubeide/plugins/com.st.stm32cube.ide.mcu.externaltools.gnu-tools-for-stm32.7-2018-q2-update.win32_1.0.0.201904181610/tools/bin/../lib/gcc/arm-none-eabi/7.3.1/thumb/v7e-m/fpv4-sp/hard/crtn.o
                0x000000000800d92c                . = ALIGN (0x4)
                0x000000000800d92c                _etext = .

.vfp11_veneer   0x000000000800d92c        0x0
 .vfp11_veneer  0x000000000800d92c        0x0 linker stubs

.v4_bx          0x000000000800d92c        0x0
 .v4_bx         0x000000000800d92c        0x0 linker stubs

.iplt           0x000000000800d92c        0x0
 .iplt          0x000000000800d92c        0x0 c:/st/stm32cubeide_1.0.2/stm32cubeide/plugins/com.st.stm32cube.ide.mcu.externaltools.gnu-tools-for-stm32.7-2018-q2-update.win32_1.0.0.201904181610/tools/bin/../lib/gcc/arm-none-eabi/7.3.1/thumb/v7e-m/fpv4-sp/hard/crtbegin.o

.rodata         0x000000000800d930      0x428
                0x000000000800d930                . = ALIGN (0x4)
 *(.rodata)
 .rodata        0x000000000800d930       0x17 Src/SEGGER_RTT.o
 *fill*         0x000000000800d947        0x1 
 .rodata        0x000000000800d948       0x16 Src/main.o
 *fill*         0x000000000800d95e        0x2 
 .rodata        0x000000000800d960       0x4a Src/mode.o
 *fill*         0x000000000800d9aa        0x2 
 .rodata        0x000000000800d9ac       0x59 Src/other.o
 *fill*         0x000000000800da05        0x3 
 .rodata        0x000000000800da08       0x2b Src/ruc.o
 *fill*         0x000000000800da33        0x1 
 .rodata        0x000000000800da34       0x4a Src/walldata.o
 *(.rodata*)
 *fill*         0x000000000800da7e        0x2 
 .rodata.flagBitshiftOffset.8290
                0x000000000800da80        0x8 Drivers/STM32F4xx_HAL_Driver/Src/stm32f4xx_hal_dma.o
 .rodata.AHBPrescTable
                0x000000000800da88       0x10 Src/system_stm32f4xx.o
                0x000000000800da88                AHBPrescTable
 .rodata._global_impure_ptr
                0x000000000800da98        0x4 c:/st/stm32cubeide_1.0.2/stm32cubeide/plugins/com.st.stm32cube.ide.mcu.externaltools.gnu-tools-for-stm32.7-2018-q2-update.win32_1.0.0.201904181610/tools/bin/../lib/gcc/arm-none-eabi/7.3.1/../../../../arm-none-eabi/lib/thumb/v7e-m/fpv4-sp/hard\libc_nano.a(lib_a-impure.o)
                0x000000000800da98                _global_impure_ptr
 .rodata._printf_float.str1.1
                0x000000000800da9c       0x12 c:/st/stm32cubeide_1.0.2/stm32cubeide/plugins/com.st.stm32cube.ide.mcu.externaltools.gnu-tools-for-stm32.7-2018-q2-update.win32_1.0.0.201904181610/tools/bin/../lib/gcc/arm-none-eabi/7.3.1/../../../../arm-none-eabi/lib/thumb/v7e-m/fpv4-sp/hard\libc_nano.a(lib_a-nano-vfprintf_float.o)
 .rodata._printf_i.str1.1
                0x000000000800daae       0x22 c:/st/stm32cubeide_1.0.2/stm32cubeide/plugins/com.st.stm32cube.ide.mcu.externaltools.gnu-tools-for-stm32.7-2018-q2-update.win32_1.0.0.201904181610/tools/bin/../lib/gcc/arm-none-eabi/7.3.1/../../../../arm-none-eabi/lib/thumb/v7e-m/fpv4-sp/hard\libc_nano.a(lib_a-nano-vfprintf_i.o)
 .rodata._dtoa_r.str1.1
                0x000000000800dad0        0xd c:/st/stm32cubeide_1.0.2/stm32cubeide/plugins/com.st.stm32cube.ide.mcu.externaltools.gnu-tools-for-stm32.7-2018-q2-update.win32_1.0.0.201904181610/tools/bin/../lib/gcc/arm-none-eabi/7.3.1/../../../../arm-none-eabi/lib/thumb/v7e-m/fpv4-sp/hard\libc_nano.a(lib_a-dtoa.o)
                                          0xf (size before relaxing)
 *fill*         0x000000000800dadd        0x3 
 .rodata.__sf_fake_stderr
                0x000000000800dae0       0x20 c:/st/stm32cubeide_1.0.2/stm32cubeide/plugins/com.st.stm32cube.ide.mcu.externaltools.gnu-tools-for-stm32.7-2018-q2-update.win32_1.0.0.201904181610/tools/bin/../lib/gcc/arm-none-eabi/7.3.1/../../../../arm-none-eabi/lib/thumb/v7e-m/fpv4-sp/hard\libc_nano.a(lib_a-findfp.o)
                0x000000000800dae0                __sf_fake_stderr
 .rodata.__sf_fake_stdin
                0x000000000800db00       0x20 c:/st/stm32cubeide_1.0.2/stm32cubeide/plugins/com.st.stm32cube.ide.mcu.externaltools.gnu-tools-for-stm32.7-2018-q2-update.win32_1.0.0.201904181610/tools/bin/../lib/gcc/arm-none-eabi/7.3.1/../../../../arm-none-eabi/lib/thumb/v7e-m/fpv4-sp/hard\libc_nano.a(lib_a-findfp.o)
                0x000000000800db00                __sf_fake_stdin
 .rodata.__sf_fake_stdout
                0x000000000800db20       0x20 c:/st/stm32cubeide_1.0.2/stm32cubeide/plugins/com.st.stm32cube.ide.mcu.externaltools.gnu-tools-for-stm32.7-2018-q2-update.win32_1.0.0.201904181610/tools/bin/../lib/gcc/arm-none-eabi/7.3.1/../../../../arm-none-eabi/lib/thumb/v7e-m/fpv4-sp/hard\libc_nano.a(lib_a-findfp.o)
                0x000000000800db20                __sf_fake_stdout
 .rodata.__mprec_bigtens
                0x000000000800db40       0x28 c:/st/stm32cubeide_1.0.2/stm32cubeide/plugins/com.st.stm32cube.ide.mcu.externaltools.gnu-tools-for-stm32.7-2018-q2-update.win32_1.0.0.201904181610/tools/bin/../lib/gcc/arm-none-eabi/7.3.1/../../../../arm-none-eabi/lib/thumb/v7e-m/fpv4-sp/hard\libc_nano.a(lib_a-mprec.o)
                0x000000000800db40                __mprec_bigtens
 .rodata.__mprec_tens
                0x000000000800db68       0xc8 c:/st/stm32cubeide_1.0.2/stm32cubeide/plugins/com.st.stm32cube.ide.mcu.externaltools.gnu-tools-for-stm32.7-2018-q2-update.win32_1.0.0.201904181610/tools/bin/../lib/gcc/arm-none-eabi/7.3.1/../../../../arm-none-eabi/lib/thumb/v7e-m/fpv4-sp/hard\libc_nano.a(lib_a-mprec.o)
                0x000000000800db68                __mprec_tens
 .rodata.p05.7359
                0x000000000800dc30        0xc c:/st/stm32cubeide_1.0.2/stm32cubeide/plugins/com.st.stm32cube.ide.mcu.externaltools.gnu-tools-for-stm32.7-2018-q2-update.win32_1.0.0.201904181610/tools/bin/../lib/gcc/arm-none-eabi/7.3.1/../../../../arm-none-eabi/lib/thumb/v7e-m/fpv4-sp/hard\libc_nano.a(lib_a-mprec.o)
 .rodata._vfprintf_r.str1.1
                0x000000000800dc3c       0x11 c:/st/stm32cubeide_1.0.2/stm32cubeide/plugins/com.st.stm32cube.ide.mcu.externaltools.gnu-tools-for-stm32.7-2018-q2-update.win32_1.0.0.201904181610/tools/bin/../lib/gcc/arm-none-eabi/7.3.1/../../../../arm-none-eabi/lib/thumb/v7e-m/fpv4-sp/hard\libc_nano.a(lib_a-nano-vfprintf.o)
 .rodata._setlocale_r.str1.1
                0x000000000800dc4d        0x8 c:/st/stm32cubeide_1.0.2/stm32cubeide/plugins/com.st.stm32cube.ide.mcu.externaltools.gnu-tools-for-stm32.7-2018-q2-update.win32_1.0.0.201904181610/tools/bin/../lib/gcc/arm-none-eabi/7.3.1/../../../../arm-none-eabi/lib/thumb/v7e-m/fpv4-sp/hard\libc_nano.a(lib_a-locale.o)
                                          0x9 (size before relaxing)
 .rodata.str1.1
                0x000000000800dc55        0x2 c:/st/stm32cubeide_1.0.2/stm32cubeide/plugins/com.st.stm32cube.ide.mcu.externaltools.gnu-tools-for-stm32.7-2018-q2-update.win32_1.0.0.201904181610/tools/bin/../lib/gcc/arm-none-eabi/7.3.1/../../../../arm-none-eabi/lib/thumb/v7e-m/fpv4-sp/hard\libc_nano.a(lib_a-locale.o)
 .rodata._ctype_
                0x000000000800dc57      0x101 c:/st/stm32cubeide_1.0.2/stm32cubeide/plugins/com.st.stm32cube.ide.mcu.externaltools.gnu-tools-for-stm32.7-2018-q2-update.win32_1.0.0.201904181610/tools/bin/../lib/gcc/arm-none-eabi/7.3.1/../../../../arm-none-eabi/lib/thumb/v7e-m/fpv4-sp/hard\libc_nano.a(lib_a-ctype_.o)
                0x000000000800dc57                _ctype_
                0x000000000800dd58                . = ALIGN (0x4)

.ARM.extab      0x000000000800dd58        0x0
                0x000000000800dd58                . = ALIGN (0x4)
 *(.ARM.extab* .gnu.linkonce.armextab.*)
                0x000000000800dd58                . = ALIGN (0x4)

.ARM            0x000000000800dd58        0x8
                0x000000000800dd58                . = ALIGN (0x4)
                0x000000000800dd58                __exidx_start = .
 *(.ARM.exidx*)
 .ARM.exidx     0x000000000800dd58        0x8 c:/st/stm32cubeide_1.0.2/stm32cubeide/plugins/com.st.stm32cube.ide.mcu.externaltools.gnu-tools-for-stm32.7-2018-q2-update.win32_1.0.0.201904181610/tools/bin/../lib/gcc/arm-none-eabi/7.3.1/thumb/v7e-m/fpv4-sp/hard\libgcc.a(_udivmoddi4.o)
                0x000000000800dd60                __exidx_end = .
                0x000000000800dd60                . = ALIGN (0x4)

.rel.dyn        0x000000000800dd60        0x0
 .rel.iplt      0x000000000800dd60        0x0 c:/st/stm32cubeide_1.0.2/stm32cubeide/plugins/com.st.stm32cube.ide.mcu.externaltools.gnu-tools-for-stm32.7-2018-q2-update.win32_1.0.0.201904181610/tools/bin/../lib/gcc/arm-none-eabi/7.3.1/thumb/v7e-m/fpv4-sp/hard/crtbegin.o

.preinit_array  0x000000000800dd60        0x0
                0x000000000800dd60                . = ALIGN (0x4)
                0x000000000800dd60                PROVIDE (__preinit_array_start = .)
 *(.preinit_array*)
                0x000000000800dd60                PROVIDE (__preinit_array_end = .)
                0x000000000800dd60                . = ALIGN (0x4)

.init_array     0x000000000800dd60        0x4
                0x000000000800dd60                . = ALIGN (0x4)
                0x000000000800dd60                PROVIDE (__init_array_start = .)
 *(SORT_BY_NAME(.init_array.*))
 *(.init_array*)
 .init_array    0x000000000800dd60        0x4 c:/st/stm32cubeide_1.0.2/stm32cubeide/plugins/com.st.stm32cube.ide.mcu.externaltools.gnu-tools-for-stm32.7-2018-q2-update.win32_1.0.0.201904181610/tools/bin/../lib/gcc/arm-none-eabi/7.3.1/thumb/v7e-m/fpv4-sp/hard/crtbegin.o
                0x000000000800dd64                PROVIDE (__init_array_end = .)
                0x000000000800dd64                . = ALIGN (0x4)

.fini_array     0x000000000800dd64        0x4
                0x000000000800dd64                . = ALIGN (0x4)
                [!provide]                        PROVIDE (__fini_array_start = .)
 *(SORT_BY_NAME(.fini_array.*))
 *(.fini_array*)
 .fini_array    0x000000000800dd64        0x4 c:/st/stm32cubeide_1.0.2/stm32cubeide/plugins/com.st.stm32cube.ide.mcu.externaltools.gnu-tools-for-stm32.7-2018-q2-update.win32_1.0.0.201904181610/tools/bin/../lib/gcc/arm-none-eabi/7.3.1/thumb/v7e-m/fpv4-sp/hard/crtbegin.o
                [!provide]                        PROVIDE (__fini_array_end = .)
                0x000000000800dd68                . = ALIGN (0x4)
                0x000000000800dd68                _sidata = LOADADDR (.data)

.data           0x0000000020000000      0x280 load address 0x000000000800dd68
                0x0000000020000000                . = ALIGN (0x4)
                0x0000000020000000                _sdata = .
 *(.data)
 *(.data*)
 .data.uwTickPrio
                0x0000000020000000        0x4 Drivers/STM32F4xx_HAL_Driver/Src/stm32f4xx_hal.o
                0x0000000020000000                uwTickPrio
 .data.uwTickFreq
                0x0000000020000004        0x1 Drivers/STM32F4xx_HAL_Driver/Src/stm32f4xx_hal.o
                0x0000000020000004                uwTickFreq
 *fill*         0x0000000020000005        0x3 
 .data.SystemCoreClock
                0x0000000020000008        0x4 Src/system_stm32f4xx.o
                0x0000000020000008                SystemCoreClock
 .data.add_wall_flag
                0x000000002000000c        0x1 Src/variable.o
                0x000000002000000c                add_wall_flag
 *fill*         0x000000002000000d        0x1 
 .data.buzzer_count
                0x000000002000000e        0x2 Src/variable.o
                0x000000002000000e                buzzer_count
 .data.rotation_gain
                0x0000000020000010        0xc Src/variable.o
                0x0000000020000010                rotation_gain
 .data.run_gain
                0x000000002000001c        0xc Src/variable.o
                0x000000002000001c                run_gain
 .data.LPF      0x0000000020000028       0x18 Src/variable.o
                0x0000000020000028                LPF
 .data.nomal_run
                0x0000000020000040       0x10 Src/variable.o
                0x0000000020000040                nomal_run
 .data.nomal_rotation
                0x0000000020000050       0x10 Src/variable.o
                0x0000000020000050                nomal_rotation
 .data.oblique_Front_gain
                0x0000000020000060        0x4 Src/variable.o
                0x0000000020000060                oblique_Front_gain
 .data.oblique_Side_gain
                0x0000000020000064        0x4 Src/variable.o
                0x0000000020000064                oblique_Side_gain
 .data.slarom_500
                0x0000000020000068       0x18 Src/variable.o
                0x0000000020000068                slarom_500
 .data.slarom_600
                0x0000000020000080       0x18 Src/variable.o
                0x0000000020000080                slarom_600
 .data.slarom_700
                0x0000000020000098       0x18 Src/variable.o
                0x0000000020000098                slarom_700
 .data._impure_ptr
                0x00000000200000b0        0x4 c:/st/stm32cubeide_1.0.2/stm32cubeide/plugins/com.st.stm32cube.ide.mcu.externaltools.gnu-tools-for-stm32.7-2018-q2-update.win32_1.0.0.201904181610/tools/bin/../lib/gcc/arm-none-eabi/7.3.1/../../../../arm-none-eabi/lib/thumb/v7e-m/fpv4-sp/hard\libc_nano.a(lib_a-impure.o)
                0x00000000200000b0                _impure_ptr
 .data.impure_data
                0x00000000200000b4       0x60 c:/st/stm32cubeide_1.0.2/stm32cubeide/plugins/com.st.stm32cube.ide.mcu.externaltools.gnu-tools-for-stm32.7-2018-q2-update.win32_1.0.0.201904181610/tools/bin/../lib/gcc/arm-none-eabi/7.3.1/../../../../arm-none-eabi/lib/thumb/v7e-m/fpv4-sp/hard\libc_nano.a(lib_a-impure.o)
 .data.__global_locale
                0x0000000020000114      0x16c c:/st/stm32cubeide_1.0.2/stm32cubeide/plugins/com.st.stm32cube.ide.mcu.externaltools.gnu-tools-for-stm32.7-2018-q2-update.win32_1.0.0.201904181610/tools/bin/../lib/gcc/arm-none-eabi/7.3.1/../../../../arm-none-eabi/lib/thumb/v7e-m/fpv4-sp/hard\libc_nano.a(lib_a-locale.o)
                0x0000000020000114                __global_locale
                0x0000000020000280                . = ALIGN (0x4)
                0x0000000020000280                _edata = .

.igot.plt       0x0000000020000280        0x0 load address 0x000000000800dfe8
 .igot.plt      0x0000000020000280        0x0 c:/st/stm32cubeide_1.0.2/stm32cubeide/plugins/com.st.stm32cube.ide.mcu.externaltools.gnu-tools-for-stm32.7-2018-q2-update.win32_1.0.0.201904181610/tools/bin/../lib/gcc/arm-none-eabi/7.3.1/thumb/v7e-m/fpv4-sp/hard/crtbegin.o
                0x0000000020000280                . = ALIGN (0x4)

.bss            0x0000000020000280    0x31a20 load address 0x000000000800dfe8
                0x0000000020000280                _sbss = .
                0x0000000020000280                __bss_start__ = _sbss
 *(.bss)
 .bss           0x0000000020000280       0x1c c:/st/stm32cubeide_1.0.2/stm32cubeide/plugins/com.st.stm32cube.ide.mcu.externaltools.gnu-tools-for-stm32.7-2018-q2-update.win32_1.0.0.201904181610/tools/bin/../lib/gcc/arm-none-eabi/7.3.1/thumb/v7e-m/fpv4-sp/hard/crtbegin.o
 *(.bss*)
 .bss._acUpBuffer
                0x000000002000029c      0x400 Src/SEGGER_RTT.o
 .bss._acDownBuffer
                0x000000002000069c       0x10 Src/SEGGER_RTT.o
 .bss.heap_end.6424
                0x00000000200006ac        0x4 Src/sysmem.o
 .bss.direction
                0x00000000200006b0        0x1 Src/variable.o
                0x00000000200006b0                direction
 .bss.mode      0x00000000200006b1        0x1 Src/variable.o
                0x00000000200006b1                mode
 .bss.buzzer_index
                0x00000000200006b2        0x1 Src/variable.o
                0x00000000200006b2                buzzer_index
 .bss.buzzer_flag
                0x00000000200006b3        0x1 Src/variable.o
                0x00000000200006b3                buzzer_flag
 .bss.before_en_val
                0x00000000200006b4        0x8 Src/variable.o
                0x00000000200006b4                before_en_val
 .bss.failsafe_flag
                0x00000000200006bc        0x1 Src/variable.o
                0x00000000200006bc                failsafe_flag
 *fill*         0x00000000200006bd        0x3 
 .bss.mode_select_dis
                0x00000000200006c0        0x4 Src/variable.o
                0x00000000200006c0                mode_select_dis
 .bss.wallcontrol_value
                0x00000000200006c4        0x4 Src/variable.o
                0x00000000200006c4                wallcontrol_value
 .bss.failsafe_counter
                0x00000000200006c8        0x2 Src/variable.o
                0x00000000200006c8                failsafe_counter