motion.c:17:6:set_center_by_front_Wall	8	static
motion.c:40:6:go_entrance	16	static
motion.c:49:6:go_center	16	static
motion.c:56:6:turn_left	16	static
motion.c:73:6:turn_right	16	static
motion.c:90:6:pass_180	16	static
motion.c:108:6:turn_180	24	static
motion.c:195:6:ketuate	16	static
motion.c:244:6:ketuate_right	16	static
motion.c:264:6:ketuate_left	16	static
motion.c:285:6:back_100	16	static
motion.c:312:6:ketuate_goal_left	16	static
motion.c:331:6:ketuate_goal_right	16	static
motion.c:350:6:non_ketuate_goal_turn	16	static
motion.c:363:6:non_ketuate_goal	16	static
motion.c:373:6:slalom_left90	56	static
motion.c:406:6:slalom_right90	56	static
motion.c:439:6:stop90	16	static
motion.c:444:6:slalom_left_check	16	static
motion.c:456:6:slalom_right_check	16	static
motion.c:468:6:turn_left_180_big	40	static
motion.c:507:6:turn_right_180_big	56	static
motion.c:548:6:turn_left_90_big	40	static
motion.c:576:6:turn_right_90_big	48	static
motion.c:609:6:farst_turn_right_90_big	40	static
motion.c:633:6:turn_right_45_in	40	static
motion.c:687:6:turn_left_45_in	40	static
motion.c:741:6:turn_right_135_in	40	static
motion.c:795:6:turn_left_135_in	40	static
motion.c:849:6:turn_right_45_out	40	static
motion.c:911:6:turn_left_45_out	40	static
motion.c:978:6:turn_right_135_out	40	static
motion.c:1044:6:turn_left_135_out	40	static
motion.c:1108:6:turn_left_v90	40	static
motion.c:1174:6:turn_right_v90	40	static
motion.c:1252:6:farst_turn_right_45_in	40	static
motion.c:1305:6:farst_turn_right_135_in	40	static
