motion.c:17:6:set_center_by_front_Wall	8	static
motion.c:40:6:go_entrance	16	static
motion.c:48:6:go_center	16	static
motion.c:55:6:turn_left	16	static
motion.c:72:6:turn_right	16	static
motion.c:89:6:pass_180	16	static
motion.c:94:6:turn_180	24	static
motion.c:178:6:ketuate	16	static
motion.c:226:6:ketuate_right	16	static
motion.c:246:6:ketuate_left	16	static
motion.c:267:6:back_100	8	static
motion.c:273:6:ketuate_goal_left	16	static
motion.c:292:6:ketuate_goal_right	16	static
motion.c:311:6:non_ketuate_goal_turn	16	static
motion.c:324:6:non_ketuate_goal	16	static
motion.c:334:6:slalom_left90	48	static
motion.c:365:6:slalom_right90	56	static
motion.c:396:6:stop90	16	static
motion.c:401:6:slalom_left_check	16	static
motion.c:409:6:slalom_right_check	16	static
motion.c:417:6:turn_left_180_big	40	static
motion.c:482:6:turn_right_180_big	40	static
motion.c:545:6:turn_left_90_big	40	static
motion.c:598:6:turn_right_90_big	40	static
motion.c:651:6:farst_turn_right_90_big	40	static
motion.c:698:6:turn_right_45_in	40	static
motion.c:752:6:turn_left_45_in	40	static
motion.c:806:6:turn_right_135_in	40	static
motion.c:860:6:turn_left_135_in	40	static
motion.c:914:6:turn_right_45_out	40	static
motion.c:976:6:turn_left_45_out	40	static
motion.c:1043:6:turn_right_135_out	40	static
motion.c:1109:6:turn_left_135_out	40	static
motion.c:1173:6:turn_left_v90	40	static
motion.c:1239:6:turn_right_v90	40	static
motion.c:1317:6:farst_turn_right_45_in	40	static
motion.c:1370:6:farst_turn_right_135_in	40	static
