motion.c:16:6:go_entrance	16	static
motion.c:24:6:go_center	16	static
motion.c:31:6:turn_left	16	static
motion.c:42:6:turn_right	16	static
motion.c:53:6:pass_180	16	static
motion.c:58:6:turn_180	24	static
motion.c:116:6:ketuate	16	static
motion.c:146:6:ketuate_right	16	static
motion.c:166:6:ketuate_left	16	static
motion.c:187:6:back_100	8	static
motion.c:193:6:ketuate_goal_left	16	static
motion.c:212:6:ketuate_goal_right	16	static
motion.c:231:6:non_ketuate_goal_turn	16	static
motion.c:244:6:non_ketuate_goal	16	static
motion.c:254:6:slalom_left90	40	static
motion.c:270:6:slalom_right90	40	static
motion.c:288:6:stop90	16	static
motion.c:293:6:slalom_left_check	16	static
motion.c:301:6:slalom_right_check	16	static
motion.c:309:6:turn_left_180_big	40	static
motion.c:374:6:turn_right_180_big	40	static
motion.c:437:6:turn_left_90_big	40	static
motion.c:490:6:turn_right_90_big	40	static
motion.c:543:6:farst_turn_right_90_big	40	static
motion.c:590:6:turn_right_45_in	40	static
motion.c:644:6:turn_left_45_in	40	static
motion.c:698:6:turn_right_135_in	40	static
motion.c:752:6:turn_left_135_in	40	static
motion.c:806:6:turn_right_45_out	40	static
motion.c:868:6:turn_left_45_out	40	static
motion.c:935:6:turn_right_135_out	40	static
motion.c:1001:6:turn_left_135_out	40	static
motion.c:1065:6:turn_left_v90	40	static
motion.c:1131:6:turn_right_v90	40	static
motion.c:1209:6:farst_turn_right_45_in	40	static
motion.c:1262:6:farst_turn_right_135_in	40	static
