motion.c:17:6:set_center_by_front_Wall	8	static
motion.c:40:6:go_entrance	16	static
motion.c:49:6:go_center	16	static
motion.c:56:6:turn_left	16	static
motion.c:73:6:turn_right	16	static
motion.c:90:6:pass_180	16	static
motion.c:108:6:turn_180	24	static
motion.c:193:6:ketuate	16	static
motion.c:242:6:ketuate_right	16	static
motion.c:262:6:ketuate_left	16	static
motion.c:283:6:back_100	16	static
motion.c:310:6:ketuate_goal_left	16	static
motion.c:329:6:ketuate_goal_right	16	static
motion.c:348:6:non_ketuate_goal_turn	16	static
motion.c:361:6:non_ketuate_goal	16	static
motion.c:371:6:slalom_left90	48	static
motion.c:403:6:slalom_right90	48	static
motion.c:435:6:stop90	16	static
motion.c:440:6:slalom_left_check	16	static
motion.c:448:6:slalom_right_check	16	static
motion.c:456:6:turn_left_180_big	40	static
motion.c:521:6:turn_right_180_big	40	static
motion.c:584:6:turn_left_90_big	40	static
motion.c:637:6:turn_right_90_big	40	static
motion.c:690:6:farst_turn_right_90_big	40	static
motion.c:737:6:turn_right_45_in	40	static
motion.c:791:6:turn_left_45_in	40	static
motion.c:845:6:turn_right_135_in	40	static
motion.c:899:6:turn_left_135_in	40	static
motion.c:953:6:turn_right_45_out	40	static
motion.c:1015:6:turn_left_45_out	40	static
motion.c:1082:6:turn_right_135_out	40	static
motion.c:1148:6:turn_left_135_out	40	static
motion.c:1212:6:turn_left_v90	40	static
motion.c:1278:6:turn_right_v90	40	static
motion.c:1356:6:farst_turn_right_45_in	40	static
motion.c:1409:6:farst_turn_right_135_in	40	static
