motion.c:17:6:set_center_by_front_Wall	8	static
motion.c:40:6:go_entrance	16	static
motion.c:48:6:go_center	16	static
motion.c:55:6:turn_left	16	static
motion.c:72:6:turn_right	16	static
motion.c:89:6:pass_180	16	static
motion.c:97:6:turn_180	24	static
motion.c:181:6:ketuate	16	static
motion.c:230:6:ketuate_right	16	static
motion.c:250:6:ketuate_left	16	static
motion.c:271:6:back_100	16	static
motion.c:298:6:ketuate_goal_left	16	static
motion.c:317:6:ketuate_goal_right	16	static
motion.c:336:6:non_ketuate_goal_turn	16	static
motion.c:349:6:non_ketuate_goal	16	static
motion.c:359:6:slalom_left90	48	static
motion.c:391:6:slalom_right90	56	static
motion.c:423:6:stop90	16	static
motion.c:428:6:slalom_left_check	16	static
motion.c:436:6:slalom_right_check	16	static
motion.c:444:6:turn_left_180_big	40	static
motion.c:509:6:turn_right_180_big	40	static
motion.c:572:6:turn_left_90_big	40	static
motion.c:625:6:turn_right_90_big	40	static
motion.c:678:6:farst_turn_right_90_big	40	static
motion.c:725:6:turn_right_45_in	40	static
motion.c:779:6:turn_left_45_in	40	static
motion.c:833:6:turn_right_135_in	40	static
motion.c:887:6:turn_left_135_in	40	static
motion.c:941:6:turn_right_45_out	40	static
motion.c:1003:6:turn_left_45_out	40	static
motion.c:1070:6:turn_right_135_out	40	static
motion.c:1136:6:turn_left_135_out	40	static
motion.c:1200:6:turn_left_v90	40	static
motion.c:1266:6:turn_right_v90	40	static
motion.c:1344:6:farst_turn_right_45_in	40	static
motion.c:1397:6:farst_turn_right_135_in	40	static
