motion.c:16:6:go_entrance	16	static
motion.c:24:6:go_center	16	static
motion.c:31:6:turn_left	16	static
motion.c:42:6:turn_right	16	static
motion.c:53:6:pass_180	16	static
motion.c:58:6:turn_180	24	static
motion.c:116:6:ketuate	16	static
motion.c:146:6:ketuate_right	16	static
motion.c:166:6:ketuate_left	16	static
motion.c:187:6:back_100	8	static
motion.c:193:6:ketuate_goal_left	16	static
motion.c:212:6:ketuate_goal_right	16	static
motion.c:231:6:non_ketuate_goal_turn	16	static
motion.c:244:6:non_ketuate_goal	16	static
motion.c:254:6:slalom_left90	40	static
motion.c:286:6:slalom_right90	40	static
motion.c:320:6:stop90	16	static
motion.c:325:6:slalom_left_check	16	static
motion.c:333:6:slalom_right_check	16	static
motion.c:341:6:turn_left_180_big	40	static
motion.c:406:6:turn_right_180_big	40	static
motion.c:469:6:turn_left_90_big	40	static
motion.c:522:6:turn_right_90_big	40	static
motion.c:575:6:farst_turn_right_90_big	40	static
motion.c:622:6:turn_right_45_in	40	static
motion.c:676:6:turn_left_45_in	40	static
motion.c:730:6:turn_right_135_in	40	static
motion.c:784:6:turn_left_135_in	40	static
motion.c:838:6:turn_right_45_out	40	static
motion.c:900:6:turn_left_45_out	40	static
motion.c:967:6:turn_right_135_out	40	static
motion.c:1033:6:turn_left_135_out	40	static
motion.c:1097:6:turn_left_v90	40	static
motion.c:1163:6:turn_right_v90	40	static
motion.c:1241:6:farst_turn_right_45_in	40	static
motion.c:1294:6:farst_turn_right_135_in	40	static
