motion.c:16:6:go_entrance	16	static
motion.c:24:6:go_center	16	static
motion.c:31:6:turn_left	16	static
motion.c:42:6:turn_right	16	static
motion.c:53:6:pass_180	16	static
motion.c:58:6:turn_180	24	static
motion.c:116:6:ketuate	16	static
motion.c:146:6:ketuate_right	16	static
motion.c:166:6:ketuate_left	16	static
motion.c:187:6:back_100	8	static
motion.c:193:6:ketuate_goal_left	16	static
motion.c:212:6:ketuate_goal_right	16	static
motion.c:231:6:non_ketuate_goal_turn	16	static
motion.c:244:6:non_ketuate_goal	16	static
motion.c:254:6:slalom_left90	40	static
motion.c:272:6:slalom_right90	40	static
motion.c:291:6:stop90	16	static
motion.c:296:6:slalom_left_check	16	static
motion.c:304:6:slalom_right_check	16	static
motion.c:312:6:turn_left_180_big	40	static
motion.c:377:6:turn_right_180_big	40	static
motion.c:440:6:turn_left_90_big	40	static
motion.c:493:6:turn_right_90_big	40	static
motion.c:546:6:farst_turn_right_90_big	40	static
motion.c:593:6:turn_right_45_in	40	static
motion.c:647:6:turn_left_45_in	40	static
motion.c:701:6:turn_right_135_in	40	static
motion.c:755:6:turn_left_135_in	40	static
motion.c:809:6:turn_right_45_out	40	static
motion.c:871:6:turn_left_45_out	40	static
motion.c:938:6:turn_right_135_out	40	static
motion.c:1004:6:turn_left_135_out	40	static
motion.c:1068:6:turn_left_v90	40	static
motion.c:1134:6:turn_right_v90	40	static
motion.c:1212:6:farst_turn_right_45_in	40	static
motion.c:1265:6:farst_turn_right_135_in	40	static
