motion.c:17:6:set_center_by_front_Wall	8	static
motion.c:40:6:go_entrance	16	static
motion.c:48:6:go_center	16	static
motion.c:55:6:turn_left	16	static
motion.c:72:6:turn_right	16	static
motion.c:89:6:pass_180	16	static
motion.c:94:6:turn_180	24	static
motion.c:178:6:ketuate	16	static
motion.c:226:6:ketuate_right	16	static
motion.c:246:6:ketuate_left	16	static
motion.c:267:6:back_100	8	static
motion.c:273:6:ketuate_goal_left	16	static
motion.c:292:6:ketuate_goal_right	16	static
motion.c:311:6:non_ketuate_goal_turn	16	static
motion.c:324:6:non_ketuate_goal	16	static
motion.c:334:6:slalom_left90	48	static
motion.c:362:6:slalom_right90	56	static
motion.c:392:6:stop90	16	static
motion.c:397:6:slalom_left_check	16	static
motion.c:405:6:slalom_right_check	16	static
motion.c:413:6:turn_left_180_big	40	static
motion.c:478:6:turn_right_180_big	40	static
motion.c:541:6:turn_left_90_big	40	static
motion.c:594:6:turn_right_90_big	40	static
motion.c:647:6:farst_turn_right_90_big	40	static
motion.c:694:6:turn_right_45_in	40	static
motion.c:748:6:turn_left_45_in	40	static
motion.c:802:6:turn_right_135_in	40	static
motion.c:856:6:turn_left_135_in	40	static
motion.c:910:6:turn_right_45_out	40	static
motion.c:972:6:turn_left_45_out	40	static
motion.c:1039:6:turn_right_135_out	40	static
motion.c:1105:6:turn_left_135_out	40	static
motion.c:1169:6:turn_left_v90	40	static
motion.c:1235:6:turn_right_v90	40	static
motion.c:1313:6:farst_turn_right_45_in	40	static
motion.c:1366:6:farst_turn_right_135_in	40	static
