other.c:24:6:chattering	16	static
other.c:37:6:write_flash_log	88	static
other.c:64:6:save_log_to_flash	8	static
other.c:69:6:read_all_log_from_flash	8	static
other.c:74:6:erase_flash	32	static
other.c:86:6:write_flash	40	static
other.c:97:6:read_flash	24	static
other.c:101:6:save_all_walldata	8	static
other.c:105:6:read_all_walldata	8	static
other.c:109:9:read_spi	32	static
other.c:121:6:write_spi	32	static
other.c:131:6:init_gyro	8	static
other.c:159:7:read_gyro	24	static
other.c:169:7:read_accel	24	static
other.c:178:10:check_parity	16	static
other.c:186:10:read_spi_en	32	static
other.c:205:6:write_spi_en	40	static
other.c:229:6:Battery_Check	24	static
other.c:260:6:set_led	16	static
other.c:283:6:log_start	4	static
other.c:290:6:log_sampling	4	static
other.c:314:6:log_output	32	static
