other.c:25:6:chattering	16	static
other.c:38:6:write_flash_log	88	static
other.c:65:6:save_log_to_flash	8	static
other.c:70:6:read_all_log_from_flash	8	static
other.c:75:6:erase_flash	32	static
other.c:87:6:write_flash	40	static
other.c:98:6:read_flash	24	static
other.c:102:6:save_all_walldata	8	static
other.c:106:6:read_all_walldata	8	static
other.c:110:9:read_spi	32	static
other.c:122:6:write_spi	32	static
other.c:132:6:init_gyro	8	static
other.c:160:7:read_gyro	24	static
other.c:173:7:read_accel	24	static
other.c:182:10:check_parity	16	static
other.c:190:10:read_spi_en	32	static
other.c:209:6:write_spi_en	40	static
other.c:233:6:Battery_Check	24	static
other.c:264:6:set_led	16	static
other.c:287:6:log_start	4	static
other.c:294:6:log_sampling	4	static
other.c:318:6:log_output	32	static
other.c:339:6:start_led	8	static
other.c:361:6:output_SEN	16	static
