SEGGER_RTT.c:271:13:_DoInit	16	static
SEGGER_RTT.c:326:17:_WriteBlocking	40	static
SEGGER_RTT.c:390:13:_WriteNoCheck	40	static
SEGGER_RTT.c:454:13:_PostTerminalSwitch	24	static
SEGGER_RTT.c:476:17:_GetAvailWriteSpace	32	static
SEGGER_RTT.c:517:10:SEGGER_RTT_ReadNoLock	48	static
SEGGER_RTT.c:607:10:SEGGER_RTT_Read	32	static,ignoring_inline_asm
SEGGER_RTT.c:646:6:SEGGER_RTT_WriteWithOverwriteNoLock	40	static
SEGGER_RTT.c:825:10:SEGGER_RTT_WriteNoLock	40	static
SEGGER_RTT.c:896:10:SEGGER_RTT_Write	32	static,ignoring_inline_asm
SEGGER_RTT.c:933:10:SEGGER_RTT_WriteString	24	static
SEGGER_RTT.c:963:10:SEGGER_RTT_PutCharSkipNoLock	32	static
SEGGER_RTT.c:1010:10:SEGGER_RTT_PutCharSkip	32	static,ignoring_inline_asm
SEGGER_RTT.c:1066:10:SEGGER_RTT_PutChar	32	static,ignoring_inline_asm
SEGGER_RTT.c:1127:5:SEGGER_RTT_GetKey	16	static
SEGGER_RTT.c:1155:5:SEGGER_RTT_WaitKey	16	static
SEGGER_RTT.c:1178:5:SEGGER_RTT_HasKey	16	static
SEGGER_RTT.c:1204:10:SEGGER_RTT_HasData	24	static
SEGGER_RTT.c:1225:10:SEGGER_RTT_HasDataUp	24	static
SEGGER_RTT.c:1253:5:SEGGER_RTT_AllocDownBuffer	32	static,ignoring_inline_asm
SEGGER_RTT.c:1298:5:SEGGER_RTT_AllocUpBuffer	32	static,ignoring_inline_asm
SEGGER_RTT.c:1349:5:SEGGER_RTT_ConfigUpBuffer	32	static,ignoring_inline_asm
SEGGER_RTT.c:1396:5:SEGGER_RTT_ConfigDownBuffer	32	static,ignoring_inline_asm
SEGGER_RTT.c:1434:5:SEGGER_RTT_SetNameUpBuffer	24	static,ignoring_inline_asm
SEGGER_RTT.c:1465:5:SEGGER_RTT_SetNameDownBuffer	24	static,ignoring_inline_asm
SEGGER_RTT.c:1496:5:SEGGER_RTT_SetFlagsUpBuffer	24	static,ignoring_inline_asm
SEGGER_RTT.c:1527:5:SEGGER_RTT_SetFlagsDownBuffer	24	static,ignoring_inline_asm
SEGGER_RTT.c:1551:6:SEGGER_RTT_Init	8	static
SEGGER_RTT.c:1569:5:SEGGER_RTT_SetTerminal	40	static,ignoring_inline_asm
SEGGER_RTT.c:1619:5:SEGGER_RTT_TerminalOut	40	static,ignoring_inline_asm
