syscalls.c:73:6:initialise_monitor_handles	4	static
syscalls.c:76:5:_getpid	4	static
syscalls.c:80:5:_kill	16	static
syscalls.c:85:6:_exit	16	static
syscalls.c:91:27:_read	32	static
syscalls.c:101:27:_write	24	static
syscalls.c:115:5:_close	16	static
syscalls.c:119:5:_fstat	16	static
syscalls.c:124:5:_isatty	16	static
syscalls.c:128:5:_lseek	24	static
syscalls.c:132:5:_open	12	static
syscalls.c:137:5:_wait	16	static
syscalls.c:142:5:_unlink	16	static
syscalls.c:147:5:_times	16	static
syscalls.c:151:5:_stat	16	static
syscalls.c:156:5:_link	16	static
syscalls.c:161:5:_fork	8	static
syscalls.c:166:5:_execve	24	static
